[0.066s] DEBUG:colcon:Command line arguments: ['/usr/bin/colcon', 'build', '--symlink-install']
[0.066s] DEBUG:colcon:Parsed command line arguments: Namespace(log_base=None, log_level=None, verb_name='build', build_base='build', install_base='install', merge_install=False, symlink_install=True, test_result_base=None, continue_on_error=False, executor='parallel', parallel_workers=12, event_handlers=None, ignore_user_meta=False, metas=['./colcon.meta'], base_paths=['.'], packages_ignore=None, packages_ignore_regex=None, paths=None, packages_up_to=None, packages_up_to_regex=None, packages_above=None, packages_above_and_dependencies=None, packages_above_depth=None, packages_select_by_dep=None, packages_skip_by_dep=None, packages_skip_up_to=None, packages_select_build_failed=False, packages_skip_build_finished=False, packages_select_test_failures=False, packages_skip_test_passed=False, packages_select=None, packages_skip=None, packages_select_regex=None, packages_skip_regex=None, packages_start=None, packages_end=None, allow_overriding=[], cmake_args=None, cmake_target=None, cmake_target_skip_unavailable=False, cmake_clean_cache=False, cmake_clean_first=False, cmake_force_configure=False, ament_cmake_args=None, catkin_cmake_args=None, catkin_skip_building_tests=False, mixin_files=None, mixin=None, verb_parser=<colcon_mixin.mixin.mixin_argument.MixinArgumentDecorator object at 0x79154394d8a0>, verb_extension=<colcon_core.verb.build.BuildVerb object at 0x79154394cc40>, main=<bound method BuildVerb.main of <colcon_core.verb.build.BuildVerb object at 0x79154394cc40>>, mixin_verb=('build',))
[0.159s] Level 1:colcon.colcon_core.package_discovery:discover_packages(colcon_meta) check parameters
[0.159s] Level 1:colcon.colcon_core.package_discovery:discover_packages(recursive) check parameters
[0.159s] Level 1:colcon.colcon_core.package_discovery:discover_packages(ignore) check parameters
[0.160s] Level 1:colcon.colcon_core.package_discovery:discover_packages(path) check parameters
[0.160s] Level 1:colcon.colcon_core.package_discovery:discover_packages(colcon_meta) discover
[0.160s] Level 1:colcon.colcon_core.package_discovery:discover_packages(recursive) discover
[0.160s] INFO:colcon.colcon_core.package_discovery:Crawling recursively for packages in '/home/sheraz/ros2_ws_sm'
[0.160s] Level 1:colcon.colcon_core.package_identification:_identify(.) by extensions ['ignore', 'ignore_ament_install']
[0.160s] Level 1:colcon.colcon_core.package_identification:_identify(.) by extension 'ignore'
[0.160s] Level 1:colcon.colcon_core.package_identification:_identify(.) by extension 'ignore_ament_install'
[0.160s] Level 1:colcon.colcon_core.package_identification:_identify(.) by extensions ['colcon_pkg']
[0.160s] Level 1:colcon.colcon_core.package_identification:_identify(.) by extension 'colcon_pkg'
[0.160s] Level 1:colcon.colcon_core.package_identification:_identify(.) by extensions ['colcon_meta']
[0.160s] Level 1:colcon.colcon_core.package_identification:_identify(.) by extension 'colcon_meta'
[0.160s] Level 1:colcon.colcon_core.package_identification:_identify(.) by extensions ['ros']
[0.160s] Level 1:colcon.colcon_core.package_identification:_identify(.) by extension 'ros'
[0.167s] Level 1:colcon.colcon_core.package_identification:_identify(.) by extensions ['cmake', 'python']
[0.167s] Level 1:colcon.colcon_core.package_identification:_identify(.) by extension 'cmake'
[0.167s] Level 1:colcon.colcon_core.package_identification:_identify(.) by extension 'python'
[0.167s] Level 1:colcon.colcon_core.package_identification:_identify(.) by extensions ['python_setup_py']
[0.167s] Level 1:colcon.colcon_core.package_identification:_identify(.) by extension 'python_setup_py'
[0.167s] Level 1:colcon.colcon_core.package_identification:_identify(build) by extensions ['ignore', 'ignore_ament_install']
[0.167s] Level 1:colcon.colcon_core.package_identification:_identify(build) by extension 'ignore'
[0.167s] Level 1:colcon.colcon_core.package_identification:_identify(build) ignored
[0.167s] Level 1:colcon.colcon_core.package_identification:_identify(install) by extensions ['ignore', 'ignore_ament_install']
[0.167s] Level 1:colcon.colcon_core.package_identification:_identify(install) by extension 'ignore'
[0.167s] Level 1:colcon.colcon_core.package_identification:_identify(install) ignored
[0.167s] Level 1:colcon.colcon_core.package_identification:_identify(log) by extensions ['ignore', 'ignore_ament_install']
[0.167s] Level 1:colcon.colcon_core.package_identification:_identify(log) by extension 'ignore'
[0.167s] Level 1:colcon.colcon_core.package_identification:_identify(log) ignored
[0.167s] Level 1:colcon.colcon_core.package_identification:_identify(my_package) by extensions ['ignore', 'ignore_ament_install']
[0.168s] Level 1:colcon.colcon_core.package_identification:_identify(my_package) by extension 'ignore'
[0.168s] Level 1:colcon.colcon_core.package_identification:_identify(my_package) by extension 'ignore_ament_install'
[0.168s] Level 1:colcon.colcon_core.package_identification:_identify(my_package) by extensions ['colcon_pkg']
[0.168s] Level 1:colcon.colcon_core.package_identification:_identify(my_package) by extension 'colcon_pkg'
[0.168s] Level 1:colcon.colcon_core.package_identification:_identify(my_package) by extensions ['colcon_meta']
[0.168s] Level 1:colcon.colcon_core.package_identification:_identify(my_package) by extension 'colcon_meta'
[0.168s] Level 1:colcon.colcon_core.package_identification:_identify(my_package) by extensions ['ros']
[0.168s] Level 1:colcon.colcon_core.package_identification:_identify(my_package) by extension 'ros'
[0.169s] DEBUG:colcon.colcon_core.package_identification:Package 'my_package' with type 'ros.ament_cmake' and name 'my_package'
[0.169s] Level 1:colcon.colcon_core.package_identification:_identify(src) by extensions ['ignore', 'ignore_ament_install']
[0.169s] Level 1:colcon.colcon_core.package_identification:_identify(src) by extension 'ignore'
[0.169s] Level 1:colcon.colcon_core.package_identification:_identify(src) by extension 'ignore_ament_install'
[0.169s] Level 1:colcon.colcon_core.package_identification:_identify(src) by extensions ['colcon_pkg']
[0.169s] Level 1:colcon.colcon_core.package_identification:_identify(src) by extension 'colcon_pkg'
[0.169s] Level 1:colcon.colcon_core.package_identification:_identify(src) by extensions ['colcon_meta']
[0.169s] Level 1:colcon.colcon_core.package_identification:_identify(src) by extension 'colcon_meta'
[0.169s] Level 1:colcon.colcon_core.package_identification:_identify(src) by extensions ['ros']
[0.169s] Level 1:colcon.colcon_core.package_identification:_identify(src) by extension 'ros'
[0.169s] Level 1:colcon.colcon_core.package_identification:_identify(src) by extensions ['cmake', 'python']
[0.169s] Level 1:colcon.colcon_core.package_identification:_identify(src) by extension 'cmake'
[0.169s] Level 1:colcon.colcon_core.package_identification:_identify(src) by extension 'python'
[0.169s] Level 1:colcon.colcon_core.package_identification:_identify(src) by extensions ['python_setup_py']
[0.169s] Level 1:colcon.colcon_core.package_identification:_identify(src) by extension 'python_setup_py'
[0.170s] Level 1:colcon.colcon_core.package_identification:_identify(src/my_first_pkg) by extensions ['ignore', 'ignore_ament_install']
[0.170s] Level 1:colcon.colcon_core.package_identification:_identify(src/my_first_pkg) by extension 'ignore'
[0.170s] Level 1:colcon.colcon_core.package_identification:_identify(src/my_first_pkg) by extension 'ignore_ament_install'
[0.170s] Level 1:colcon.colcon_core.package_identification:_identify(src/my_first_pkg) by extensions ['colcon_pkg']
[0.170s] Level 1:colcon.colcon_core.package_identification:_identify(src/my_first_pkg) by extension 'colcon_pkg'
[0.170s] Level 1:colcon.colcon_core.package_identification:_identify(src/my_first_pkg) by extensions ['colcon_meta']
[0.170s] Level 1:colcon.colcon_core.package_identification:_identify(src/my_first_pkg) by extension 'colcon_meta'
[0.170s] Level 1:colcon.colcon_core.package_identification:_identify(src/my_first_pkg) by extensions ['ros']
[0.170s] Level 1:colcon.colcon_core.package_identification:_identify(src/my_first_pkg) by extension 'ros'
[0.170s] DEBUG:colcon.colcon_core.package_identification:Package 'src/my_first_pkg' with type 'ros.ament_python' and name 'my_first_pkg'
[0.170s] Level 1:colcon.colcon_core.package_discovery:discover_packages(recursive) using defaults
[0.170s] Level 1:colcon.colcon_core.package_discovery:discover_packages(ignore) discover
[0.170s] Level 1:colcon.colcon_core.package_discovery:discover_packages(ignore) using defaults
[0.170s] Level 1:colcon.colcon_core.package_discovery:discover_packages(path) discover
[0.170s] Level 1:colcon.colcon_core.package_discovery:discover_packages(path) using defaults
[0.189s] Level 1:colcon.colcon_core.package_discovery:discover_packages(prefix_path) check parameters
[0.190s] Level 1:colcon.colcon_core.package_discovery:discover_packages(prefix_path) discover
[0.190s] WARNING:colcon.colcon_ros.prefix_path.ament:The path '/home/sheraz/ros2_ws_sm/install/my_package' in the environment variable AMENT_PREFIX_PATH doesn't exist
[0.190s] WARNING:colcon.colcon_ros.prefix_path.ament:The path '/home/sheraz/ros2_ws_sm/install/my_first_pkg' in the environment variable AMENT_PREFIX_PATH doesn't exist
[0.190s] WARNING:colcon.colcon_ros.prefix_path.catkin:The path '/home/sheraz/ros2_ws_sm/install/my_package' in the environment variable CMAKE_PREFIX_PATH doesn't exist
[0.191s] DEBUG:colcon.colcon_installed_package_information.package_discovery:Found 0 installed packages in /home/sheraz/ros2_ws_sm/install
[0.191s] DEBUG:colcon.colcon_installed_package_information.package_discovery:Found 2 installed packages in /home/sheraz/install
[0.191s] DEBUG:colcon.colcon_installed_package_information.package_discovery:Found 272 installed packages in /opt/ros/humble
[0.192s] Level 1:colcon.colcon_core.package_discovery:discover_packages(prefix_path) using defaults
[0.213s] Level 5:colcon.colcon_core.verb:set package 'my_first_pkg' build argument 'cmake_args' from command line to 'None'
[0.213s] Level 5:colcon.colcon_core.verb:set package 'my_first_pkg' build argument 'cmake_target' from command line to 'None'
[0.213s] Level 5:colcon.colcon_core.verb:set package 'my_first_pkg' build argument 'cmake_target_skip_unavailable' from command line to 'False'
[0.213s] Level 5:colcon.colcon_core.verb:set package 'my_first_pkg' build argument 'cmake_clean_cache' from command line to 'False'
[0.213s] Level 5:colcon.colcon_core.verb:set package 'my_first_pkg' build argument 'cmake_clean_first' from command line to 'False'
[0.213s] Level 5:colcon.colcon_core.verb:set package 'my_first_pkg' build argument 'cmake_force_configure' from command line to 'False'
[0.213s] Level 5:colcon.colcon_core.verb:set package 'my_first_pkg' build argument 'ament_cmake_args' from command line to 'None'
[0.213s] Level 5:colcon.colcon_core.verb:set package 'my_first_pkg' build argument 'catkin_cmake_args' from command line to 'None'
[0.213s] Level 5:colcon.colcon_core.verb:set package 'my_first_pkg' build argument 'catkin_skip_building_tests' from command line to 'False'
[0.213s] DEBUG:colcon.colcon_core.verb:Building package 'my_first_pkg' with the following arguments: {'ament_cmake_args': None, 'build_base': '/home/sheraz/ros2_ws_sm/build/my_first_pkg', 'catkin_cmake_args': None, 'catkin_skip_building_tests': False, 'cmake_args': None, 'cmake_clean_cache': False, 'cmake_clean_first': False, 'cmake_force_configure': False, 'cmake_target': None, 'cmake_target_skip_unavailable': False, 'install_base': '/home/sheraz/ros2_ws_sm/install/my_first_pkg', 'merge_install': False, 'path': '/home/sheraz/ros2_ws_sm/src/my_first_pkg', 'symlink_install': True, 'test_result_base': None}
[0.213s] Level 5:colcon.colcon_core.verb:set package 'my_package' build argument 'cmake_args' from command line to 'None'
[0.214s] Level 5:colcon.colcon_core.verb:set package 'my_package' build argument 'cmake_target' from command line to 'None'
[0.214s] Level 5:colcon.colcon_core.verb:set package 'my_package' build argument 'cmake_target_skip_unavailable' from command line to 'False'
[0.214s] Level 5:colcon.colcon_core.verb:set package 'my_package' build argument 'cmake_clean_cache' from command line to 'False'
[0.214s] Level 5:colcon.colcon_core.verb:set package 'my_package' build argument 'cmake_clean_first' from command line to 'False'
[0.214s] Level 5:colcon.colcon_core.verb:set package 'my_package' build argument 'cmake_force_configure' from command line to 'False'
[0.214s] Level 5:colcon.colcon_core.verb:set package 'my_package' build argument 'ament_cmake_args' from command line to 'None'
[0.214s] Level 5:colcon.colcon_core.verb:set package 'my_package' build argument 'catkin_cmake_args' from command line to 'None'
[0.214s] Level 5:colcon.colcon_core.verb:set package 'my_package' build argument 'catkin_skip_building_tests' from command line to 'False'
[0.214s] DEBUG:colcon.colcon_core.verb:Building package 'my_package' with the following arguments: {'ament_cmake_args': None, 'build_base': '/home/sheraz/ros2_ws_sm/build/my_package', 'catkin_cmake_args': None, 'catkin_skip_building_tests': False, 'cmake_args': None, 'cmake_clean_cache': False, 'cmake_clean_first': False, 'cmake_force_configure': False, 'cmake_target': None, 'cmake_target_skip_unavailable': False, 'install_base': '/home/sheraz/ros2_ws_sm/install/my_package', 'merge_install': False, 'path': '/home/sheraz/ros2_ws_sm/my_package', 'symlink_install': True, 'test_result_base': None}
[0.214s] INFO:colcon.colcon_core.executor:Executing jobs using 'parallel' executor
[0.215s] DEBUG:colcon.colcon_parallel_executor.executor.parallel:run_until_complete
[0.215s] INFO:colcon.colcon_ros.task.ament_python.build:Building ROS package in '/home/sheraz/ros2_ws_sm/src/my_first_pkg' with build type 'ament_python'
[0.215s] Level 1:colcon.colcon_core.shell:create_environment_hook('my_first_pkg', 'ament_prefix_path')
[0.216s] INFO:colcon.colcon_core.plugin_system:Skipping extension 'colcon_core.shell.bat': Not used on non-Windows systems
[0.216s] INFO:colcon.colcon_core.shell:Creating environment hook '/home/sheraz/ros2_ws_sm/install/my_first_pkg/share/my_first_pkg/hook/ament_prefix_path.ps1'
[0.217s] INFO:colcon.colcon_core.shell:Creating environment descriptor '/home/sheraz/ros2_ws_sm/install/my_first_pkg/share/my_first_pkg/hook/ament_prefix_path.dsv'
[0.217s] INFO:colcon.colcon_core.shell:Creating environment hook '/home/sheraz/ros2_ws_sm/install/my_first_pkg/share/my_first_pkg/hook/ament_prefix_path.sh'
[0.218s] INFO:colcon.colcon_core.shell:Skip shell extension 'powershell' for command environment: Not usable outside of PowerShell
[0.218s] DEBUG:colcon.colcon_core.shell:Skip shell extension 'dsv' for command environment
[0.220s] INFO:colcon.colcon_ros.task.ament_cmake.build:Building ROS package in '/home/sheraz/ros2_ws_sm/my_package' with build type 'ament_cmake'
[0.220s] INFO:colcon.colcon_cmake.task.cmake.build:Building CMake package in '/home/sheraz/ros2_ws_sm/my_package'
[0.220s] INFO:colcon.colcon_core.shell:Skip shell extension 'powershell' for command environment: Not usable outside of PowerShell
[0.220s] DEBUG:colcon.colcon_core.shell:Skip shell extension 'dsv' for command environment
[0.374s] INFO:colcon.colcon_core.task.python.build:Building Python package in '/home/sheraz/ros2_ws_sm/src/my_first_pkg'
[0.374s] INFO:colcon.colcon_core.shell:Skip shell extension 'powershell' for command environment: Not usable outside of PowerShell
[0.374s] DEBUG:colcon.colcon_core.shell:Skip shell extension 'dsv' for command environment
[0.381s] DEBUG:colcon.colcon_core.event_handler.log_command:Invoking command in '/home/sheraz/ros2_ws_sm/build/my_package': CMAKE_PREFIX_PATH=${CMAKE_PREFIX_PATH}:/home/sheraz/install/my_first_pkg:/home/sheraz/ros2_ws_sm/install/my_first_pkg:/opt/ros/humble /usr/bin/cmake /home/sheraz/ros2_ws_sm/my_package -DAMENT_CMAKE_SYMLINK_INSTALL=1 -DCMAKE_INSTALL_PREFIX=/home/sheraz/ros2_ws_sm/install/my_package
[0.576s] DEBUG:colcon.colcon_core.event_handler.log_command:Invoking command in '/home/sheraz/ros2_ws_sm/build/my_first_pkg': PYTHONPATH=/home/sheraz/ros2_ws_sm/build/my_first_pkg/prefix_override:/usr/lib/python3/dist-packages/colcon_core/task/python/colcon_distutils_commands:/home/sheraz/ros2_ws_sm/install/my_first_pkg/lib/python3.10/site-packages:${PYTHONPATH} /usr/bin/python3 -W ignore:setup.py install is deprecated -W ignore:easy_install command is deprecated setup.py develop --editable --build-directory /home/sheraz/ros2_ws_sm/build/my_first_pkg/build --no-deps symlink_data
[0.838s] Level 1:colcon.colcon_core.shell:create_environment_hook('my_first_pkg', 'pythonpath_develop')
[0.838s] DEBUG:colcon.colcon_core.event_handler.log_command:Invoked command in '/home/sheraz/ros2_ws_sm/build/my_first_pkg' returned '0': PYTHONPATH=/home/sheraz/ros2_ws_sm/build/my_first_pkg/prefix_override:/usr/lib/python3/dist-packages/colcon_core/task/python/colcon_distutils_commands:/home/sheraz/ros2_ws_sm/install/my_first_pkg/lib/python3.10/site-packages:${PYTHONPATH} /usr/bin/python3 -W ignore:setup.py install is deprecated -W ignore:easy_install command is deprecated setup.py develop --editable --build-directory /home/sheraz/ros2_ws_sm/build/my_first_pkg/build --no-deps symlink_data
[0.839s] INFO:colcon.colcon_core.shell:Creating environment hook '/home/sheraz/ros2_ws_sm/build/my_first_pkg/share/my_first_pkg/hook/pythonpath_develop.ps1'
[0.840s] INFO:colcon.colcon_core.shell:Creating environment descriptor '/home/sheraz/ros2_ws_sm/build/my_first_pkg/share/my_first_pkg/hook/pythonpath_develop.dsv'
[0.840s] INFO:colcon.colcon_core.shell:Creating environment hook '/home/sheraz/ros2_ws_sm/build/my_first_pkg/share/my_first_pkg/hook/pythonpath_develop.sh'
[0.842s] Level 1:colcon.colcon_core.environment:checking '/home/sheraz/ros2_ws_sm/install/my_first_pkg' for CMake module files
[0.842s] Level 1:colcon.colcon_core.environment:checking '/home/sheraz/ros2_ws_sm/install/my_first_pkg' for CMake config files
[0.842s] Level 1:colcon.colcon_core.environment:checking '/home/sheraz/ros2_ws_sm/install/my_first_pkg/lib'
[0.842s] Level 1:colcon.colcon_core.environment:checking '/home/sheraz/ros2_ws_sm/install/my_first_pkg/bin'
[0.843s] Level 1:colcon.colcon_core.environment:checking '/home/sheraz/ros2_ws_sm/install/my_first_pkg/lib/pkgconfig/my_first_pkg.pc'
[0.843s] Level 1:colcon.colcon_core.environment:checking '/home/sheraz/ros2_ws_sm/install/my_first_pkg/lib/python3.10/site-packages'
[0.843s] Level 1:colcon.colcon_core.shell:create_environment_hook('my_first_pkg', 'pythonpath')
[0.843s] INFO:colcon.colcon_core.shell:Creating environment hook '/home/sheraz/ros2_ws_sm/install/my_first_pkg/share/my_first_pkg/hook/pythonpath.ps1'
[0.843s] INFO:colcon.colcon_core.shell:Creating environment descriptor '/home/sheraz/ros2_ws_sm/install/my_first_pkg/share/my_first_pkg/hook/pythonpath.dsv'
[0.843s] INFO:colcon.colcon_core.shell:Creating environment hook '/home/sheraz/ros2_ws_sm/install/my_first_pkg/share/my_first_pkg/hook/pythonpath.sh'
[0.844s] Level 1:colcon.colcon_core.environment:checking '/home/sheraz/ros2_ws_sm/install/my_first_pkg/bin'
[0.844s] Level 1:colcon.colcon_core.environment:create_environment_scripts_only(my_first_pkg)
[0.844s] INFO:colcon.colcon_core.shell:Creating package script '/home/sheraz/ros2_ws_sm/install/my_first_pkg/share/my_first_pkg/package.ps1'
[0.845s] INFO:colcon.colcon_core.shell:Creating package descriptor '/home/sheraz/ros2_ws_sm/install/my_first_pkg/share/my_first_pkg/package.dsv'
[0.845s] INFO:colcon.colcon_core.shell:Creating package script '/home/sheraz/ros2_ws_sm/install/my_first_pkg/share/my_first_pkg/package.sh'
[0.846s] INFO:colcon.colcon_core.shell:Creating package script '/home/sheraz/ros2_ws_sm/install/my_first_pkg/share/my_first_pkg/package.bash'
[0.846s] INFO:colcon.colcon_core.shell:Creating package script '/home/sheraz/ros2_ws_sm/install/my_first_pkg/share/my_first_pkg/package.zsh'
[0.847s] Level 1:colcon.colcon_core.environment:create_file_with_runtime_dependencies(/home/sheraz/ros2_ws_sm/install/my_first_pkg/share/colcon-core/packages/my_first_pkg)
[1.029s] DEBUG:colcon.colcon_core.event_handler.log_command:Invoked command in '/home/sheraz/ros2_ws_sm/build/my_package' returned '0': CMAKE_PREFIX_PATH=${CMAKE_PREFIX_PATH}:/home/sheraz/install/my_first_pkg:/home/sheraz/ros2_ws_sm/install/my_first_pkg:/opt/ros/humble /usr/bin/cmake /home/sheraz/ros2_ws_sm/my_package -DAMENT_CMAKE_SYMLINK_INSTALL=1 -DCMAKE_INSTALL_PREFIX=/home/sheraz/ros2_ws_sm/install/my_package
[1.031s] DEBUG:colcon.colcon_core.event_handler.log_command:Invoking command in '/home/sheraz/ros2_ws_sm/build/my_package': CMAKE_PREFIX_PATH=${CMAKE_PREFIX_PATH}:/home/sheraz/install/my_first_pkg:/home/sheraz/ros2_ws_sm/install/my_first_pkg:/opt/ros/humble /usr/bin/cmake --build /home/sheraz/ros2_ws_sm/build/my_package -- -j12 -l12
[1.065s] DEBUG:colcon.colcon_core.event_handler.log_command:Invoked command in '/home/sheraz/ros2_ws_sm/build/my_package' returned '0': CMAKE_PREFIX_PATH=${CMAKE_PREFIX_PATH}:/home/sheraz/install/my_first_pkg:/home/sheraz/ros2_ws_sm/install/my_first_pkg:/opt/ros/humble /usr/bin/cmake --build /home/sheraz/ros2_ws_sm/build/my_package -- -j12 -l12
[1.077s] DEBUG:colcon.colcon_core.event_handler.log_command:Invoking command in '/home/sheraz/ros2_ws_sm/build/my_package': CMAKE_PREFIX_PATH=${CMAKE_PREFIX_PATH}:/home/sheraz/install/my_first_pkg:/home/sheraz/ros2_ws_sm/install/my_first_pkg:/opt/ros/humble /usr/bin/cmake --install /home/sheraz/ros2_ws_sm/build/my_package
[1.220s] Level 1:colcon.colcon_core.environment:create_environment_scripts_only(my_package)
[1.220s] Level 1:colcon.colcon_core.environment:checking '/home/sheraz/ros2_ws_sm/install/my_package' for CMake module files
[1.221s] DEBUG:colcon.colcon_core.event_handler.log_command:Invoked command in '/home/sheraz/ros2_ws_sm/build/my_package' returned '0': CMAKE_PREFIX_PATH=${CMAKE_PREFIX_PATH}:/home/sheraz/install/my_first_pkg:/home/sheraz/ros2_ws_sm/install/my_first_pkg:/opt/ros/humble /usr/bin/cmake --install /home/sheraz/ros2_ws_sm/build/my_package
[1.222s] Level 1:colcon.colcon_core.environment:checking '/home/sheraz/ros2_ws_sm/install/my_package' for CMake config files
[1.222s] Level 1:colcon.colcon_core.shell:create_environment_hook('my_package', 'cmake_prefix_path')
[1.223s] INFO:colcon.colcon_core.shell:Creating environment hook '/home/sheraz/ros2_ws_sm/install/my_package/share/my_package/hook/cmake_prefix_path.ps1'
[1.223s] INFO:colcon.colcon_core.shell:Creating environment descriptor '/home/sheraz/ros2_ws_sm/install/my_package/share/my_package/hook/cmake_prefix_path.dsv'
[1.224s] INFO:colcon.colcon_core.shell:Creating environment hook '/home/sheraz/ros2_ws_sm/install/my_package/share/my_package/hook/cmake_prefix_path.sh'
[1.225s] Level 1:colcon.colcon_core.environment:checking '/home/sheraz/ros2_ws_sm/install/my_package/bin'
[1.226s] Level 1:colcon.colcon_core.environment:checking '/home/sheraz/ros2_ws_sm/install/my_package/lib/pkgconfig/my_package.pc'
[1.226s] Level 1:colcon.colcon_core.environment:checking '/home/sheraz/ros2_ws_sm/install/my_package/lib/python3.10/site-packages'
[1.227s] Level 1:colcon.colcon_core.environment:checking '/home/sheraz/ros2_ws_sm/install/my_package/bin'
[1.227s] INFO:colcon.colcon_core.shell:Creating package script '/home/sheraz/ros2_ws_sm/install/my_package/share/my_package/package.ps1'
[1.228s] INFO:colcon.colcon_core.shell:Creating package descriptor '/home/sheraz/ros2_ws_sm/install/my_package/share/my_package/package.dsv'
[1.228s] INFO:colcon.colcon_core.shell:Creating package script '/home/sheraz/ros2_ws_sm/install/my_package/share/my_package/package.sh'
[1.229s] INFO:colcon.colcon_core.shell:Creating package script '/home/sheraz/ros2_ws_sm/install/my_package/share/my_package/package.bash'
[1.229s] INFO:colcon.colcon_core.shell:Creating package script '/home/sheraz/ros2_ws_sm/install/my_package/share/my_package/package.zsh'
[1.229s] Level 1:colcon.colcon_core.environment:create_file_with_runtime_dependencies(/home/sheraz/ros2_ws_sm/install/my_package/share/colcon-core/packages/my_package)
[1.230s] Level 1:colcon.colcon_core.environment:create_environment_scripts_only(my_package)
[1.230s] Level 1:colcon.colcon_core.environment:checking '/home/sheraz/ros2_ws_sm/install/my_package' for CMake module files
[1.230s] Level 1:colcon.colcon_core.environment:checking '/home/sheraz/ros2_ws_sm/install/my_package' for CMake config files
[1.231s] Level 1:colcon.colcon_core.shell:create_environment_hook('my_package', 'cmake_prefix_path')
[1.231s] INFO:colcon.colcon_core.shell:Creating environment hook '/home/sheraz/ros2_ws_sm/install/my_package/share/my_package/hook/cmake_prefix_path.ps1'
[1.231s] INFO:colcon.colcon_core.shell:Creating environment descriptor '/home/sheraz/ros2_ws_sm/install/my_package/share/my_package/hook/cmake_prefix_path.dsv'
[1.232s] INFO:colcon.colcon_core.shell:Creating environment hook '/home/sheraz/ros2_ws_sm/install/my_package/share/my_package/hook/cmake_prefix_path.sh'
[1.232s] Level 1:colcon.colcon_core.environment:checking '/home/sheraz/ros2_ws_sm/install/my_package/bin'
[1.233s] Level 1:colcon.colcon_core.environment:checking '/home/sheraz/ros2_ws_sm/install/my_package/lib/pkgconfig/my_package.pc'
[1.233s] Level 1:colcon.colcon_core.environment:checking '/home/sheraz/ros2_ws_sm/install/my_package/lib/python3.10/site-packages'
[1.233s] Level 1:colcon.colcon_core.environment:checking '/home/sheraz/ros2_ws_sm/install/my_package/bin'
[1.234s] INFO:colcon.colcon_core.shell:Creating package script '/home/sheraz/ros2_ws_sm/install/my_package/share/my_package/package.ps1'
[1.234s] INFO:colcon.colcon_core.shell:Creating package descriptor '/home/sheraz/ros2_ws_sm/install/my_package/share/my_package/package.dsv'
[1.235s] INFO:colcon.colcon_core.shell:Creating package script '/home/sheraz/ros2_ws_sm/install/my_package/share/my_package/package.sh'
[1.235s] INFO:colcon.colcon_core.shell:Creating package script '/home/sheraz/ros2_ws_sm/install/my_package/share/my_package/package.bash'
[1.235s] INFO:colcon.colcon_core.shell:Creating package script '/home/sheraz/ros2_ws_sm/install/my_package/share/my_package/package.zsh'
[1.236s] Level 1:colcon.colcon_core.environment:create_file_with_runtime_dependencies(/home/sheraz/ros2_ws_sm/install/my_package/share/colcon-core/packages/my_package)
[1.236s] DEBUG:colcon.colcon_parallel_executor.executor.parallel:closing loop
[1.236s] DEBUG:colcon.colcon_parallel_executor.executor.parallel:loop closed
[1.236s] DEBUG:colcon.colcon_parallel_executor.executor.parallel:run_until_complete finished with '0'
[1.236s] DEBUG:colcon.colcon_core.event_reactor:joining thread
[1.242s] INFO:colcon.colcon_core.plugin_system:Skipping extension 'colcon_notification.desktop_notification.terminal_notifier': Not used on non-Darwin systems
[1.242s] INFO:colcon.colcon_core.plugin_system:Skipping extension 'colcon_notification.desktop_notification.win32': Not used on non-Windows systems
[1.242s] INFO:colcon.colcon_notification.desktop_notification:Sending desktop notification using 'notify2'
[1.262s] DEBUG:colcon.colcon_core.event_reactor:joined thread
[1.262s] INFO:colcon.colcon_core.shell:Creating prefix script '/home/sheraz/ros2_ws_sm/install/local_setup.ps1'
[1.263s] INFO:colcon.colcon_core.shell:Creating prefix util module '/home/sheraz/ros2_ws_sm/install/_local_setup_util_ps1.py'
[1.264s] INFO:colcon.colcon_core.shell:Creating prefix chain script '/home/sheraz/ros2_ws_sm/install/setup.ps1'
[1.265s] INFO:colcon.colcon_core.shell:Creating prefix script '/home/sheraz/ros2_ws_sm/install/local_setup.sh'
[1.266s] INFO:colcon.colcon_core.shell:Creating prefix util module '/home/sheraz/ros2_ws_sm/install/_local_setup_util_sh.py'
[1.266s] INFO:colcon.colcon_core.shell:Creating prefix chain script '/home/sheraz/ros2_ws_sm/install/setup.sh'
[1.268s] INFO:colcon.colcon_core.shell:Creating prefix script '/home/sheraz/ros2_ws_sm/install/local_setup.bash'
[1.268s] INFO:colcon.colcon_core.shell:Creating prefix chain script '/home/sheraz/ros2_ws_sm/install/setup.bash'
[1.269s] INFO:colcon.colcon_core.shell:Creating prefix script '/home/sheraz/ros2_ws_sm/install/local_setup.zsh'
[1.270s] INFO:colcon.colcon_core.shell:Creating prefix chain script '/home/sheraz/ros2_ws_sm/install/setup.zsh'
