running egg_info
writing ../../build/my_first_pkg/my_first_pkg.egg-info/PKG-INFO
writing dependency_links to ../../build/my_first_pkg/my_first_pkg.egg-info/dependency_links.txt
writing entry points to ../../build/my_first_pkg/my_first_pkg.egg-info/entry_points.txt
writing requirements to ../../build/my_first_pkg/my_first_pkg.egg-info/requires.txt
writing top-level names to ../../build/my_first_pkg/my_first_pkg.egg-info/top_level.txt
reading manifest file '../../build/my_first_pkg/my_first_pkg.egg-info/SOURCES.txt'
writing manifest file '../../build/my_first_pkg/my_first_pkg.egg-info/SOURCES.txt'
running build
running build_py
copying my_first_pkg/lidar.py -> /home/sheraz/ros2_ws_sm/build/my_first_pkg/build/lib/my_first_pkg
running install
running install_lib
copying /home/sheraz/ros2_ws_sm/build/my_first_pkg/build/lib/my_first_pkg/lidar.py -> /home/sheraz/ros2_ws_sm/install/my_first_pkg/lib/python3.10/site-packages/my_first_pkg
byte-compiling /home/sheraz/ros2_ws_sm/install/my_first_pkg/lib/python3.10/site-packages/my_first_pkg/lidar.py to lidar.cpython-310.pyc
running install_data
running install_egg_info
removing '/home/sheraz/ros2_ws_sm/install/my_first_pkg/lib/python3.10/site-packages/my_first_pkg-0.0.0-py3.10.egg-info' (and everything under it)
Copying ../../build/my_first_pkg/my_first_pkg.egg-info to /home/sheraz/ros2_ws_sm/install/my_first_pkg/lib/python3.10/site-packages/my_first_pkg-0.0.0-py3.10.egg-info
running install_scripts
Installing lidar script to /home/sheraz/ros2_ws_sm/install/my_first_pkg/lib/my_first_pkg
Installing simple_node script to /home/sheraz/ros2_ws_sm/install/my_first_pkg/lib/my_first_pkg
writing list of installed files to '/home/sheraz/ros2_ws_sm/build/my_first_pkg/install.log'
