[0.448s] Invoking command in '/home/sheraz/ros2_ws_sm/src/my_first_pkg': PYTHONPATH=/home/sheraz/ros2_ws_sm/build/my_first_pkg/prefix_override:/usr/lib/python3/dist-packages/colcon_core/task/python/colcon_distutils_commands:/home/sheraz/ros2_ws_sm/install/my_first_pkg/lib/python3.10/site-packages:${PYTHONPATH} /usr/bin/python3 -W ignore:setup.py install is deprecated -W ignore:easy_install command is deprecated setup.py egg_info --egg-base ../../build/my_first_pkg build --build-base /home/sheraz/ros2_ws_sm/build/my_first_pkg/build install --record /home/sheraz/ros2_ws_sm/build/my_first_pkg/install.log --single-version-externally-managed install_data
[0.607s] running egg_info
[0.607s] writing ../../build/my_first_pkg/my_first_pkg.egg-info/PKG-INFO
[0.607s] writing dependency_links to ../../build/my_first_pkg/my_first_pkg.egg-info/dependency_links.txt
[0.607s] writing entry points to ../../build/my_first_pkg/my_first_pkg.egg-info/entry_points.txt
[0.607s] writing requirements to ../../build/my_first_pkg/my_first_pkg.egg-info/requires.txt
[0.607s] writing top-level names to ../../build/my_first_pkg/my_first_pkg.egg-info/top_level.txt
[0.608s] reading manifest file '../../build/my_first_pkg/my_first_pkg.egg-info/SOURCES.txt'
[0.609s] writing manifest file '../../build/my_first_pkg/my_first_pkg.egg-info/SOURCES.txt'
[0.609s] running build
[0.609s] running build_py
[0.609s] copying my_first_pkg/lidar.py -> /home/sheraz/ros2_ws_sm/build/my_first_pkg/build/lib/my_first_pkg
[0.609s] running install
[0.609s] running install_lib
[0.610s] copying /home/sheraz/ros2_ws_sm/build/my_first_pkg/build/lib/my_first_pkg/lidar.py -> /home/sheraz/ros2_ws_sm/install/my_first_pkg/lib/python3.10/site-packages/my_first_pkg
[0.610s] byte-compiling /home/sheraz/ros2_ws_sm/install/my_first_pkg/lib/python3.10/site-packages/my_first_pkg/lidar.py to lidar.cpython-310.pyc
[0.610s] running install_data
[0.610s] running install_egg_info
[0.611s] removing '/home/sheraz/ros2_ws_sm/install/my_first_pkg/lib/python3.10/site-packages/my_first_pkg-0.0.0-py3.10.egg-info' (and everything under it)
[0.611s] Copying ../../build/my_first_pkg/my_first_pkg.egg-info to /home/sheraz/ros2_ws_sm/install/my_first_pkg/lib/python3.10/site-packages/my_first_pkg-0.0.0-py3.10.egg-info
[0.612s] running install_scripts
[0.625s] Installing lidar script to /home/sheraz/ros2_ws_sm/install/my_first_pkg/lib/my_first_pkg
[0.625s] Installing simple_node script to /home/sheraz/ros2_ws_sm/install/my_first_pkg/lib/my_first_pkg
[0.625s] writing list of installed files to '/home/sheraz/ros2_ws_sm/build/my_first_pkg/install.log'
[0.646s] Invoked command in '/home/sheraz/ros2_ws_sm/src/my_first_pkg' returned '0': PYTHONPATH=/home/sheraz/ros2_ws_sm/build/my_first_pkg/prefix_override:/usr/lib/python3/dist-packages/colcon_core/task/python/colcon_distutils_commands:/home/sheraz/ros2_ws_sm/install/my_first_pkg/lib/python3.10/site-packages:${PYTHONPATH} /usr/bin/python3 -W ignore:setup.py install is deprecated -W ignore:easy_install command is deprecated setup.py egg_info --egg-base ../../build/my_first_pkg build --build-base /home/sheraz/ros2_ws_sm/build/my_first_pkg/build install --record /home/sheraz/ros2_ws_sm/build/my_first_pkg/install.log --single-version-externally-managed install_data
