running develop
running egg_info
creating my_first_pkg.egg-info
writing my_first_pkg.egg-info/PKG-INFO
writing dependency_links to my_first_pkg.egg-info/dependency_links.txt
writing entry points to my_first_pkg.egg-info/entry_points.txt
writing requirements to my_first_pkg.egg-info/requires.txt
writing top-level names to my_first_pkg.egg-info/top_level.txt
writing manifest file 'my_first_pkg.egg-info/SOURCES.txt'
reading manifest file 'my_first_pkg.egg-info/SOURCES.txt'
writing manifest file 'my_first_pkg.egg-info/SOURCES.txt'
running build_ext
Creating /home/sheraz/ros2_ws_sm/install/my_first_pkg/lib/python3.10/site-packages/my-first-pkg.egg-link (link to .)
Installing simple_node script to /home/sheraz/ros2_ws_sm/install/my_first_pkg/lib/my_first_pkg

Installed /home/sheraz/ros2_ws_sm/build/my_first_pkg
running symlink_data
creating /home/sheraz/ros2_ws_sm/install/my_first_pkg/share/ament_index
creating /home/sheraz/ros2_ws_sm/install/my_first_pkg/share/ament_index/resource_index
creating /home/sheraz/ros2_ws_sm/install/my_first_pkg/share/ament_index/resource_index/packages
symbolically linking /home/sheraz/ros2_ws_sm/build/my_first_pkg/resource/my_first_pkg -> /home/sheraz/ros2_ws_sm/install/my_first_pkg/share/ament_index/resource_index/packages
symbolically linking /home/sheraz/ros2_ws_sm/build/my_first_pkg/package.xml -> /home/sheraz/ros2_ws_sm/install/my_first_pkg/share/my_first_pkg
