[0.068s] DEBUG:colcon:Command line arguments: ['/usr/bin/colcon', 'build']
[0.068s] DEBUG:colcon:Parsed command line arguments: Namespace(log_base=None, log_level=None, verb_name='build', build_base='build', install_base='install', merge_install=False, symlink_install=False, test_result_base=None, continue_on_error=False, executor='parallel', parallel_workers=12, event_handlers=None, ignore_user_meta=False, metas=['./colcon.meta'], base_paths=['.'], packages_ignore=None, packages_ignore_regex=None, paths=None, packages_up_to=None, packages_up_to_regex=None, packages_above=None, packages_above_and_dependencies=None, packages_above_depth=None, packages_select_by_dep=None, packages_skip_by_dep=None, packages_skip_up_to=None, packages_select_build_failed=False, packages_skip_build_finished=False, packages_select_test_failures=False, packages_skip_test_passed=False, packages_select=None, packages_skip=None, packages_select_regex=None, packages_skip_regex=None, packages_start=None, packages_end=None, allow_overriding=[], cmake_args=None, cmake_target=None, cmake_target_skip_unavailable=False, cmake_clean_cache=False, cmake_clean_first=False, cmake_force_configure=False, ament_cmake_args=None, catkin_cmake_args=None, catkin_skip_building_tests=False, mixin_files=None, mixin=None, verb_parser=<colcon_mixin.mixin.mixin_argument.MixinArgumentDecorator object at 0x730705d56d40>, verb_extension=<colcon_core.verb.build.BuildVerb object at 0x730705d560e0>, main=<bound method BuildVerb.main of <colcon_core.verb.build.BuildVerb object at 0x730705d560e0>>, mixin_verb=('build',))
[0.168s] Level 1:colcon.colcon_core.package_discovery:discover_packages(colcon_meta) check parameters
[0.168s] Level 1:colcon.colcon_core.package_discovery:discover_packages(recursive) check parameters
[0.168s] Level 1:colcon.colcon_core.package_discovery:discover_packages(ignore) check parameters
[0.168s] Level 1:colcon.colcon_core.package_discovery:discover_packages(path) check parameters
[0.168s] Level 1:colcon.colcon_core.package_discovery:discover_packages(colcon_meta) discover
[0.168s] Level 1:colcon.colcon_core.package_discovery:discover_packages(recursive) discover
[0.168s] INFO:colcon.colcon_core.package_discovery:Crawling recursively for packages in '/home/sheraz/ros2_ws_sm'
[0.168s] Level 1:colcon.colcon_core.package_identification:_identify(.) by extensions ['ignore', 'ignore_ament_install']
[0.168s] Level 1:colcon.colcon_core.package_identification:_identify(.) by extension 'ignore'
[0.168s] Level 1:colcon.colcon_core.package_identification:_identify(.) by extension 'ignore_ament_install'
[0.168s] Level 1:colcon.colcon_core.package_identification:_identify(.) by extensions ['colcon_pkg']
[0.168s] Level 1:colcon.colcon_core.package_identification:_identify(.) by extension 'colcon_pkg'
[0.168s] Level 1:colcon.colcon_core.package_identification:_identify(.) by extensions ['colcon_meta']
[0.168s] Level 1:colcon.colcon_core.package_identification:_identify(.) by extension 'colcon_meta'
[0.168s] Level 1:colcon.colcon_core.package_identification:_identify(.) by extensions ['ros']
[0.169s] Level 1:colcon.colcon_core.package_identification:_identify(.) by extension 'ros'
[0.176s] Level 1:colcon.colcon_core.package_identification:_identify(.) by extensions ['cmake', 'python']
[0.176s] Level 1:colcon.colcon_core.package_identification:_identify(.) by extension 'cmake'
[0.176s] Level 1:colcon.colcon_core.package_identification:_identify(.) by extension 'python'
[0.176s] Level 1:colcon.colcon_core.package_identification:_identify(.) by extensions ['python_setup_py']
[0.176s] Level 1:colcon.colcon_core.package_identification:_identify(.) by extension 'python_setup_py'
[0.176s] Level 1:colcon.colcon_core.package_identification:_identify(build) by extensions ['ignore', 'ignore_ament_install']
[0.176s] Level 1:colcon.colcon_core.package_identification:_identify(build) by extension 'ignore'
[0.176s] Level 1:colcon.colcon_core.package_identification:_identify(build) ignored
[0.176s] Level 1:colcon.colcon_core.package_identification:_identify(install) by extensions ['ignore', 'ignore_ament_install']
[0.176s] Level 1:colcon.colcon_core.package_identification:_identify(install) by extension 'ignore'
[0.176s] Level 1:colcon.colcon_core.package_identification:_identify(install) ignored
[0.176s] Level 1:colcon.colcon_core.package_identification:_identify(log) by extensions ['ignore', 'ignore_ament_install']
[0.176s] Level 1:colcon.colcon_core.package_identification:_identify(log) by extension 'ignore'
[0.176s] Level 1:colcon.colcon_core.package_identification:_identify(log) ignored
[0.176s] Level 1:colcon.colcon_core.package_identification:_identify(my_package) by extensions ['ignore', 'ignore_ament_install']
[0.176s] Level 1:colcon.colcon_core.package_identification:_identify(my_package) by extension 'ignore'
[0.176s] Level 1:colcon.colcon_core.package_identification:_identify(my_package) by extension 'ignore_ament_install'
[0.176s] Level 1:colcon.colcon_core.package_identification:_identify(my_package) by extensions ['colcon_pkg']
[0.176s] Level 1:colcon.colcon_core.package_identification:_identify(my_package) by extension 'colcon_pkg'
[0.176s] Level 1:colcon.colcon_core.package_identification:_identify(my_package) by extensions ['colcon_meta']
[0.176s] Level 1:colcon.colcon_core.package_identification:_identify(my_package) by extension 'colcon_meta'
[0.176s] Level 1:colcon.colcon_core.package_identification:_identify(my_package) by extensions ['ros']
[0.176s] Level 1:colcon.colcon_core.package_identification:_identify(my_package) by extension 'ros'
[0.178s] DEBUG:colcon.colcon_core.package_identification:Package 'my_package' with type 'ros.ament_cmake' and name 'my_package'
[0.178s] Level 1:colcon.colcon_core.package_identification:_identify(src) by extensions ['ignore', 'ignore_ament_install']
[0.178s] Level 1:colcon.colcon_core.package_identification:_identify(src) by extension 'ignore'
[0.178s] Level 1:colcon.colcon_core.package_identification:_identify(src) by extension 'ignore_ament_install'
[0.178s] Level 1:colcon.colcon_core.package_identification:_identify(src) by extensions ['colcon_pkg']
[0.178s] Level 1:colcon.colcon_core.package_identification:_identify(src) by extension 'colcon_pkg'
[0.178s] Level 1:colcon.colcon_core.package_identification:_identify(src) by extensions ['colcon_meta']
[0.178s] Level 1:colcon.colcon_core.package_identification:_identify(src) by extension 'colcon_meta'
[0.178s] Level 1:colcon.colcon_core.package_identification:_identify(src) by extensions ['ros']
[0.178s] Level 1:colcon.colcon_core.package_identification:_identify(src) by extension 'ros'
[0.178s] Level 1:colcon.colcon_core.package_identification:_identify(src) by extensions ['cmake', 'python']
[0.178s] Level 1:colcon.colcon_core.package_identification:_identify(src) by extension 'cmake'
[0.178s] Level 1:colcon.colcon_core.package_identification:_identify(src) by extension 'python'
[0.178s] Level 1:colcon.colcon_core.package_identification:_identify(src) by extensions ['python_setup_py']
[0.178s] Level 1:colcon.colcon_core.package_identification:_identify(src) by extension 'python_setup_py'
[0.178s] Level 1:colcon.colcon_core.package_identification:_identify(src/my_first_pkg) by extensions ['ignore', 'ignore_ament_install']
[0.178s] Level 1:colcon.colcon_core.package_identification:_identify(src/my_first_pkg) by extension 'ignore'
[0.178s] Level 1:colcon.colcon_core.package_identification:_identify(src/my_first_pkg) by extension 'ignore_ament_install'
[0.178s] Level 1:colcon.colcon_core.package_identification:_identify(src/my_first_pkg) by extensions ['colcon_pkg']
[0.178s] Level 1:colcon.colcon_core.package_identification:_identify(src/my_first_pkg) by extension 'colcon_pkg'
[0.178s] Level 1:colcon.colcon_core.package_identification:_identify(src/my_first_pkg) by extensions ['colcon_meta']
[0.178s] Level 1:colcon.colcon_core.package_identification:_identify(src/my_first_pkg) by extension 'colcon_meta'
[0.178s] Level 1:colcon.colcon_core.package_identification:_identify(src/my_first_pkg) by extensions ['ros']
[0.179s] Level 1:colcon.colcon_core.package_identification:_identify(src/my_first_pkg) by extension 'ros'
[0.179s] DEBUG:colcon.colcon_core.package_identification:Package 'src/my_first_pkg' with type 'ros.ament_python' and name 'my_first_pkg'
[0.179s] Level 1:colcon.colcon_core.package_discovery:discover_packages(recursive) using defaults
[0.179s] Level 1:colcon.colcon_core.package_discovery:discover_packages(ignore) discover
[0.179s] Level 1:colcon.colcon_core.package_discovery:discover_packages(ignore) using defaults
[0.179s] Level 1:colcon.colcon_core.package_discovery:discover_packages(path) discover
[0.179s] Level 1:colcon.colcon_core.package_discovery:discover_packages(path) using defaults
[0.199s] Level 1:colcon.colcon_core.package_discovery:discover_packages(prefix_path) check parameters
[0.199s] Level 1:colcon.colcon_core.package_discovery:discover_packages(prefix_path) discover
[0.200s] DEBUG:colcon.colcon_installed_package_information.package_discovery:Found 2 installed packages in /home/sheraz/ros2_ws_sm/install
[0.200s] DEBUG:colcon.colcon_installed_package_information.package_discovery:Found 2 installed packages in /home/sheraz/install
[0.201s] DEBUG:colcon.colcon_installed_package_information.package_discovery:Found 440 installed packages in /opt/ros/humble
[0.202s] Level 1:colcon.colcon_core.package_discovery:discover_packages(prefix_path) using defaults
[0.234s] Level 5:colcon.colcon_core.verb:set package 'my_first_pkg' build argument 'cmake_args' from command line to 'None'
[0.234s] Level 5:colcon.colcon_core.verb:set package 'my_first_pkg' build argument 'cmake_target' from command line to 'None'
[0.234s] Level 5:colcon.colcon_core.verb:set package 'my_first_pkg' build argument 'cmake_target_skip_unavailable' from command line to 'False'
[0.234s] Level 5:colcon.colcon_core.verb:set package 'my_first_pkg' build argument 'cmake_clean_cache' from command line to 'False'
[0.234s] Level 5:colcon.colcon_core.verb:set package 'my_first_pkg' build argument 'cmake_clean_first' from command line to 'False'
[0.234s] Level 5:colcon.colcon_core.verb:set package 'my_first_pkg' build argument 'cmake_force_configure' from command line to 'False'
[0.234s] Level 5:colcon.colcon_core.verb:set package 'my_first_pkg' build argument 'ament_cmake_args' from command line to 'None'
[0.234s] Level 5:colcon.colcon_core.verb:set package 'my_first_pkg' build argument 'catkin_cmake_args' from command line to 'None'
[0.234s] Level 5:colcon.colcon_core.verb:set package 'my_first_pkg' build argument 'catkin_skip_building_tests' from command line to 'False'
[0.234s] DEBUG:colcon.colcon_core.verb:Building package 'my_first_pkg' with the following arguments: {'ament_cmake_args': None, 'build_base': '/home/sheraz/ros2_ws_sm/build/my_first_pkg', 'catkin_cmake_args': None, 'catkin_skip_building_tests': False, 'cmake_args': None, 'cmake_clean_cache': False, 'cmake_clean_first': False, 'cmake_force_configure': False, 'cmake_target': None, 'cmake_target_skip_unavailable': False, 'install_base': '/home/sheraz/ros2_ws_sm/install/my_first_pkg', 'merge_install': False, 'path': '/home/sheraz/ros2_ws_sm/src/my_first_pkg', 'symlink_install': False, 'test_result_base': None}
[0.234s] Level 5:colcon.colcon_core.verb:set package 'my_package' build argument 'cmake_args' from command line to 'None'
[0.234s] Level 5:colcon.colcon_core.verb:set package 'my_package' build argument 'cmake_target' from command line to 'None'
[0.234s] Level 5:colcon.colcon_core.verb:set package 'my_package' build argument 'cmake_target_skip_unavailable' from command line to 'False'
[0.234s] Level 5:colcon.colcon_core.verb:set package 'my_package' build argument 'cmake_clean_cache' from command line to 'False'
[0.234s] Level 5:colcon.colcon_core.verb:set package 'my_package' build argument 'cmake_clean_first' from command line to 'False'
[0.234s] Level 5:colcon.colcon_core.verb:set package 'my_package' build argument 'cmake_force_configure' from command line to 'False'
[0.234s] Level 5:colcon.colcon_core.verb:set package 'my_package' build argument 'ament_cmake_args' from command line to 'None'
[0.234s] Level 5:colcon.colcon_core.verb:set package 'my_package' build argument 'catkin_cmake_args' from command line to 'None'
[0.234s] Level 5:colcon.colcon_core.verb:set package 'my_package' build argument 'catkin_skip_building_tests' from command line to 'False'
[0.234s] DEBUG:colcon.colcon_core.verb:Building package 'my_package' with the following arguments: {'ament_cmake_args': None, 'build_base': '/home/sheraz/ros2_ws_sm/build/my_package', 'catkin_cmake_args': None, 'catkin_skip_building_tests': False, 'cmake_args': None, 'cmake_clean_cache': False, 'cmake_clean_first': False, 'cmake_force_configure': False, 'cmake_target': None, 'cmake_target_skip_unavailable': False, 'install_base': '/home/sheraz/ros2_ws_sm/install/my_package', 'merge_install': False, 'path': '/home/sheraz/ros2_ws_sm/my_package', 'symlink_install': False, 'test_result_base': None}
[0.234s] INFO:colcon.colcon_core.executor:Executing jobs using 'parallel' executor
[0.235s] DEBUG:colcon.colcon_parallel_executor.executor.parallel:run_until_complete
[0.235s] INFO:colcon.colcon_ros.task.ament_python.build:Building ROS package in '/home/sheraz/ros2_ws_sm/src/my_first_pkg' with build type 'ament_python'
[0.235s] Level 1:colcon.colcon_core.shell:create_environment_hook('my_first_pkg', 'ament_prefix_path')
[0.237s] INFO:colcon.colcon_core.plugin_system:Skipping extension 'colcon_core.shell.bat': Not used on non-Windows systems
[0.237s] INFO:colcon.colcon_core.shell:Creating environment hook '/home/sheraz/ros2_ws_sm/install/my_first_pkg/share/my_first_pkg/hook/ament_prefix_path.ps1'
[0.237s] INFO:colcon.colcon_core.shell:Creating environment descriptor '/home/sheraz/ros2_ws_sm/install/my_first_pkg/share/my_first_pkg/hook/ament_prefix_path.dsv'
[0.237s] INFO:colcon.colcon_core.shell:Creating environment hook '/home/sheraz/ros2_ws_sm/install/my_first_pkg/share/my_first_pkg/hook/ament_prefix_path.sh'
[0.238s] INFO:colcon.colcon_core.shell:Skip shell extension 'powershell' for command environment: Not usable outside of PowerShell
[0.238s] DEBUG:colcon.colcon_core.shell:Skip shell extension 'dsv' for command environment
[0.240s] INFO:colcon.colcon_ros.task.ament_cmake.build:Building ROS package in '/home/sheraz/ros2_ws_sm/my_package' with build type 'ament_cmake'
[0.241s] INFO:colcon.colcon_cmake.task.cmake.build:Building CMake package in '/home/sheraz/ros2_ws_sm/my_package'
[0.241s] INFO:colcon.colcon_core.shell:Skip shell extension 'powershell' for command environment: Not usable outside of PowerShell
[0.241s] DEBUG:colcon.colcon_core.shell:Skip shell extension 'dsv' for command environment
[0.421s] INFO:colcon.colcon_core.task.python.build:Building Python package in '/home/sheraz/ros2_ws_sm/src/my_first_pkg'
[0.421s] INFO:colcon.colcon_core.shell:Skip shell extension 'powershell' for command environment: Not usable outside of PowerShell
[0.421s] DEBUG:colcon.colcon_core.shell:Skip shell extension 'dsv' for command environment
[0.427s] DEBUG:colcon.colcon_core.event_handler.log_command:Invoking command in '/home/sheraz/ros2_ws_sm/build/my_package': CMAKE_PREFIX_PATH=${CMAKE_PREFIX_PATH}:/home/sheraz/ros2_ws_sm/install/my_first_pkg:/home/sheraz/install/my_first_pkg:/opt/ros/humble /usr/bin/cmake --build /home/sheraz/ros2_ws_sm/build/my_package -- -j12 -l12
[0.462s] DEBUG:colcon.colcon_core.event_handler.log_command:Invoked command in '/home/sheraz/ros2_ws_sm/build/my_package' returned '0': CMAKE_PREFIX_PATH=${CMAKE_PREFIX_PATH}:/home/sheraz/ros2_ws_sm/install/my_first_pkg:/home/sheraz/install/my_first_pkg:/opt/ros/humble /usr/bin/cmake --build /home/sheraz/ros2_ws_sm/build/my_package -- -j12 -l12
[0.474s] DEBUG:colcon.colcon_core.event_handler.log_command:Invoking command in '/home/sheraz/ros2_ws_sm/build/my_package': CMAKE_PREFIX_PATH=${CMAKE_PREFIX_PATH}:/home/sheraz/ros2_ws_sm/install/my_first_pkg:/home/sheraz/install/my_first_pkg:/opt/ros/humble /usr/bin/cmake --install /home/sheraz/ros2_ws_sm/build/my_package
[0.492s] Level 1:colcon.colcon_core.environment:create_environment_scripts_only(my_package)
[0.493s] DEBUG:colcon.colcon_core.event_handler.log_command:Invoked command in '/home/sheraz/ros2_ws_sm/build/my_package' returned '0': CMAKE_PREFIX_PATH=${CMAKE_PREFIX_PATH}:/home/sheraz/ros2_ws_sm/install/my_first_pkg:/home/sheraz/install/my_first_pkg:/opt/ros/humble /usr/bin/cmake --install /home/sheraz/ros2_ws_sm/build/my_package
[0.495s] Level 1:colcon.colcon_core.environment:checking '/home/sheraz/ros2_ws_sm/install/my_package' for CMake module files
[0.496s] Level 1:colcon.colcon_core.environment:checking '/home/sheraz/ros2_ws_sm/install/my_package' for CMake config files
[0.496s] Level 1:colcon.colcon_core.shell:create_environment_hook('my_package', 'cmake_prefix_path')
[0.496s] INFO:colcon.colcon_core.shell:Creating environment hook '/home/sheraz/ros2_ws_sm/install/my_package/share/my_package/hook/cmake_prefix_path.ps1'
[0.497s] INFO:colcon.colcon_core.shell:Creating environment descriptor '/home/sheraz/ros2_ws_sm/install/my_package/share/my_package/hook/cmake_prefix_path.dsv'
[0.497s] INFO:colcon.colcon_core.shell:Creating environment hook '/home/sheraz/ros2_ws_sm/install/my_package/share/my_package/hook/cmake_prefix_path.sh'
[0.498s] Level 1:colcon.colcon_core.environment:checking '/home/sheraz/ros2_ws_sm/install/my_package/bin'
[0.498s] Level 1:colcon.colcon_core.environment:checking '/home/sheraz/ros2_ws_sm/install/my_package/lib/pkgconfig/my_package.pc'
[0.499s] Level 1:colcon.colcon_core.environment:checking '/home/sheraz/ros2_ws_sm/install/my_package/lib/python3.10/site-packages'
[0.499s] Level 1:colcon.colcon_core.environment:checking '/home/sheraz/ros2_ws_sm/install/my_package/bin'
[0.500s] INFO:colcon.colcon_core.shell:Creating package script '/home/sheraz/ros2_ws_sm/install/my_package/share/my_package/package.ps1'
[0.500s] INFO:colcon.colcon_core.shell:Creating package descriptor '/home/sheraz/ros2_ws_sm/install/my_package/share/my_package/package.dsv'
[0.501s] INFO:colcon.colcon_core.shell:Creating package script '/home/sheraz/ros2_ws_sm/install/my_package/share/my_package/package.sh'
[0.501s] INFO:colcon.colcon_core.shell:Creating package script '/home/sheraz/ros2_ws_sm/install/my_package/share/my_package/package.bash'
[0.501s] INFO:colcon.colcon_core.shell:Creating package script '/home/sheraz/ros2_ws_sm/install/my_package/share/my_package/package.zsh'
[0.502s] Level 1:colcon.colcon_core.environment:create_file_with_runtime_dependencies(/home/sheraz/ros2_ws_sm/install/my_package/share/colcon-core/packages/my_package)
[0.502s] Level 1:colcon.colcon_core.environment:create_environment_scripts_only(my_package)
[0.502s] Level 1:colcon.colcon_core.environment:checking '/home/sheraz/ros2_ws_sm/install/my_package' for CMake module files
[0.503s] Level 1:colcon.colcon_core.environment:checking '/home/sheraz/ros2_ws_sm/install/my_package' for CMake config files
[0.503s] Level 1:colcon.colcon_core.shell:create_environment_hook('my_package', 'cmake_prefix_path')
[0.503s] INFO:colcon.colcon_core.shell:Creating environment hook '/home/sheraz/ros2_ws_sm/install/my_package/share/my_package/hook/cmake_prefix_path.ps1'
[0.503s] INFO:colcon.colcon_core.shell:Creating environment descriptor '/home/sheraz/ros2_ws_sm/install/my_package/share/my_package/hook/cmake_prefix_path.dsv'
[0.503s] INFO:colcon.colcon_core.shell:Creating environment hook '/home/sheraz/ros2_ws_sm/install/my_package/share/my_package/hook/cmake_prefix_path.sh'
[0.504s] Level 1:colcon.colcon_core.environment:checking '/home/sheraz/ros2_ws_sm/install/my_package/bin'
[0.504s] Level 1:colcon.colcon_core.environment:checking '/home/sheraz/ros2_ws_sm/install/my_package/lib/pkgconfig/my_package.pc'
[0.504s] Level 1:colcon.colcon_core.environment:checking '/home/sheraz/ros2_ws_sm/install/my_package/lib/python3.10/site-packages'
[0.504s] Level 1:colcon.colcon_core.environment:checking '/home/sheraz/ros2_ws_sm/install/my_package/bin'
[0.504s] INFO:colcon.colcon_core.shell:Creating package script '/home/sheraz/ros2_ws_sm/install/my_package/share/my_package/package.ps1'
[0.504s] INFO:colcon.colcon_core.shell:Creating package descriptor '/home/sheraz/ros2_ws_sm/install/my_package/share/my_package/package.dsv'
[0.505s] INFO:colcon.colcon_core.shell:Creating package script '/home/sheraz/ros2_ws_sm/install/my_package/share/my_package/package.sh'
[0.505s] INFO:colcon.colcon_core.shell:Creating package script '/home/sheraz/ros2_ws_sm/install/my_package/share/my_package/package.bash'
[0.505s] INFO:colcon.colcon_core.shell:Creating package script '/home/sheraz/ros2_ws_sm/install/my_package/share/my_package/package.zsh'
[0.505s] Level 1:colcon.colcon_core.environment:create_file_with_runtime_dependencies(/home/sheraz/ros2_ws_sm/install/my_package/share/colcon-core/packages/my_package)
[0.684s] DEBUG:colcon.colcon_core.event_handler.log_command:Invoking command in '/home/sheraz/ros2_ws_sm/src/my_first_pkg': PYTHONPATH=/home/sheraz/ros2_ws_sm/build/my_first_pkg/prefix_override:/usr/lib/python3/dist-packages/colcon_core/task/python/colcon_distutils_commands:/home/sheraz/ros2_ws_sm/install/my_first_pkg/lib/python3.10/site-packages:${PYTHONPATH} /usr/bin/python3 -W ignore:setup.py install is deprecated -W ignore:easy_install command is deprecated setup.py egg_info --egg-base ../../build/my_first_pkg build --build-base /home/sheraz/ros2_ws_sm/build/my_first_pkg/build install --record /home/sheraz/ros2_ws_sm/build/my_first_pkg/install.log --single-version-externally-managed install_data
[0.881s] Level 1:colcon.colcon_core.environment:checking '/home/sheraz/ros2_ws_sm/install/my_first_pkg' for CMake module files
[0.882s] DEBUG:colcon.colcon_core.event_handler.log_command:Invoked command in '/home/sheraz/ros2_ws_sm/src/my_first_pkg' returned '0': PYTHONPATH=/home/sheraz/ros2_ws_sm/build/my_first_pkg/prefix_override:/usr/lib/python3/dist-packages/colcon_core/task/python/colcon_distutils_commands:/home/sheraz/ros2_ws_sm/install/my_first_pkg/lib/python3.10/site-packages:${PYTHONPATH} /usr/bin/python3 -W ignore:setup.py install is deprecated -W ignore:easy_install command is deprecated setup.py egg_info --egg-base ../../build/my_first_pkg build --build-base /home/sheraz/ros2_ws_sm/build/my_first_pkg/build install --record /home/sheraz/ros2_ws_sm/build/my_first_pkg/install.log --single-version-externally-managed install_data
[0.882s] Level 1:colcon.colcon_core.environment:checking '/home/sheraz/ros2_ws_sm/install/my_first_pkg' for CMake config files
[0.883s] Level 1:colcon.colcon_core.environment:checking '/home/sheraz/ros2_ws_sm/install/my_first_pkg/lib'
[0.883s] Level 1:colcon.colcon_core.environment:checking '/home/sheraz/ros2_ws_sm/install/my_first_pkg/bin'
[0.883s] Level 1:colcon.colcon_core.environment:checking '/home/sheraz/ros2_ws_sm/install/my_first_pkg/lib/pkgconfig/my_first_pkg.pc'
[0.884s] Level 1:colcon.colcon_core.environment:checking '/home/sheraz/ros2_ws_sm/install/my_first_pkg/lib/python3.10/site-packages'
[0.884s] Level 1:colcon.colcon_core.shell:create_environment_hook('my_first_pkg', 'pythonpath')
[0.884s] INFO:colcon.colcon_core.shell:Creating environment hook '/home/sheraz/ros2_ws_sm/install/my_first_pkg/share/my_first_pkg/hook/pythonpath.ps1'
[0.885s] INFO:colcon.colcon_core.shell:Creating environment descriptor '/home/sheraz/ros2_ws_sm/install/my_first_pkg/share/my_first_pkg/hook/pythonpath.dsv'
[0.885s] INFO:colcon.colcon_core.shell:Creating environment hook '/home/sheraz/ros2_ws_sm/install/my_first_pkg/share/my_first_pkg/hook/pythonpath.sh'
[0.886s] Level 1:colcon.colcon_core.environment:checking '/home/sheraz/ros2_ws_sm/install/my_first_pkg/bin'
[0.886s] Level 1:colcon.colcon_core.environment:create_environment_scripts_only(my_first_pkg)
[0.887s] INFO:colcon.colcon_core.shell:Creating package script '/home/sheraz/ros2_ws_sm/install/my_first_pkg/share/my_first_pkg/package.ps1'
[0.887s] INFO:colcon.colcon_core.shell:Creating package descriptor '/home/sheraz/ros2_ws_sm/install/my_first_pkg/share/my_first_pkg/package.dsv'
[0.888s] INFO:colcon.colcon_core.shell:Creating package script '/home/sheraz/ros2_ws_sm/install/my_first_pkg/share/my_first_pkg/package.sh'
[0.888s] INFO:colcon.colcon_core.shell:Creating package script '/home/sheraz/ros2_ws_sm/install/my_first_pkg/share/my_first_pkg/package.bash'
[0.888s] INFO:colcon.colcon_core.shell:Creating package script '/home/sheraz/ros2_ws_sm/install/my_first_pkg/share/my_first_pkg/package.zsh'
[0.889s] Level 1:colcon.colcon_core.environment:create_file_with_runtime_dependencies(/home/sheraz/ros2_ws_sm/install/my_first_pkg/share/colcon-core/packages/my_first_pkg)
[0.889s] DEBUG:colcon.colcon_parallel_executor.executor.parallel:closing loop
[0.889s] DEBUG:colcon.colcon_parallel_executor.executor.parallel:loop closed
[0.889s] DEBUG:colcon.colcon_parallel_executor.executor.parallel:run_until_complete finished with '0'
[0.889s] DEBUG:colcon.colcon_core.event_reactor:joining thread
[0.896s] INFO:colcon.colcon_core.plugin_system:Skipping extension 'colcon_notification.desktop_notification.terminal_notifier': Not used on non-Darwin systems
[0.896s] INFO:colcon.colcon_core.plugin_system:Skipping extension 'colcon_notification.desktop_notification.win32': Not used on non-Windows systems
[0.896s] INFO:colcon.colcon_notification.desktop_notification:Sending desktop notification using 'notify2'
[0.906s] DEBUG:colcon.colcon_core.event_reactor:joined thread
[0.906s] INFO:colcon.colcon_core.shell:Creating prefix script '/home/sheraz/ros2_ws_sm/install/local_setup.ps1'
[0.907s] INFO:colcon.colcon_core.shell:Creating prefix util module '/home/sheraz/ros2_ws_sm/install/_local_setup_util_ps1.py'
[0.909s] INFO:colcon.colcon_core.shell:Creating prefix chain script '/home/sheraz/ros2_ws_sm/install/setup.ps1'
[0.910s] INFO:colcon.colcon_core.shell:Creating prefix script '/home/sheraz/ros2_ws_sm/install/local_setup.sh'
[0.910s] INFO:colcon.colcon_core.shell:Creating prefix util module '/home/sheraz/ros2_ws_sm/install/_local_setup_util_sh.py'
[0.911s] INFO:colcon.colcon_core.shell:Creating prefix chain script '/home/sheraz/ros2_ws_sm/install/setup.sh'
[0.912s] INFO:colcon.colcon_core.shell:Creating prefix script '/home/sheraz/ros2_ws_sm/install/local_setup.bash'
[0.912s] INFO:colcon.colcon_core.shell:Creating prefix chain script '/home/sheraz/ros2_ws_sm/install/setup.bash'
[0.913s] INFO:colcon.colcon_core.shell:Creating prefix script '/home/sheraz/ros2_ws_sm/install/local_setup.zsh'
[0.913s] INFO:colcon.colcon_core.shell:Creating prefix chain script '/home/sheraz/ros2_ws_sm/install/setup.zsh'
