[0.186s] Invoking command in '/home/sheraz/ros2_ws_sm/build/my_package': CMAKE_PREFIX_PATH=${CMAKE_PREFIX_PATH}:/home/sheraz/ros2_ws_sm/install/my_first_pkg:/home/sheraz/install/my_first_pkg:/opt/ros/humble /usr/bin/cmake --build /home/sheraz/ros2_ws_sm/build/my_package -- -j12 -l12
[0.221s] Invoked command in '/home/sheraz/ros2_ws_sm/build/my_package' returned '0': CMAKE_PREFIX_PATH=${CMAKE_PREFIX_PATH}:/home/sheraz/ros2_ws_sm/install/my_first_pkg:/home/sheraz/install/my_first_pkg:/opt/ros/humble /usr/bin/cmake --build /home/sheraz/ros2_ws_sm/build/my_package -- -j12 -l12
[0.233s] Invoking command in '/home/sheraz/ros2_ws_sm/build/my_package': CMAKE_PREFIX_PATH=${CMAKE_PREFIX_PATH}:/home/sheraz/ros2_ws_sm/install/my_first_pkg:/home/sheraz/install/my_first_pkg:/opt/ros/humble /usr/bin/cmake --install /home/sheraz/ros2_ws_sm/build/my_package
[0.239s] -- Install configuration: ""
[0.239s] -- Execute custom install script
[0.239s] -- Up-to-date symlink: /home/sheraz/ros2_ws_sm/install/my_package/share/ament_index/resource_index/package_run_dependencies/my_package
[0.239s] -- Up-to-date symlink: /home/sheraz/ros2_ws_sm/install/my_package/share/ament_index/resource_index/parent_prefix_path/my_package
[0.239s] -- Up-to-date symlink: /home/sheraz/ros2_ws_sm/install/my_package/share/my_package/environment/ament_prefix_path.sh
[0.240s] -- Up-to-date symlink: /home/sheraz/ros2_ws_sm/install/my_package/share/my_package/environment/ament_prefix_path.dsv
[0.240s] -- Up-to-date symlink: /home/sheraz/ros2_ws_sm/install/my_package/share/my_package/environment/path.sh
[0.240s] -- Up-to-date symlink: /home/sheraz/ros2_ws_sm/install/my_package/share/my_package/environment/path.dsv
[0.240s] -- Up-to-date symlink: /home/sheraz/ros2_ws_sm/install/my_package/share/my_package/local_setup.bash
[0.240s] -- Up-to-date symlink: /home/sheraz/ros2_ws_sm/install/my_package/share/my_package/local_setup.sh
[0.240s] -- Up-to-date symlink: /home/sheraz/ros2_ws_sm/install/my_package/share/my_package/local_setup.zsh
[0.240s] -- Up-to-date symlink: /home/sheraz/ros2_ws_sm/install/my_package/share/my_package/local_setup.dsv
[0.240s] -- Symlinking: /home/sheraz/ros2_ws_sm/install/my_package/share/my_package/package.dsv
[0.249s] -- Up-to-date symlink: /home/sheraz/ros2_ws_sm/install/my_package/share/ament_index/resource_index/packages/my_package
[0.249s] -- Up-to-date symlink: /home/sheraz/ros2_ws_sm/install/my_package/share/my_package/cmake/my_packageConfig.cmake
[0.250s] -- Up-to-date symlink: /home/sheraz/ros2_ws_sm/install/my_package/share/my_package/cmake/my_packageConfig-version.cmake
[0.250s] -- Up-to-date symlink: /home/sheraz/ros2_ws_sm/install/my_package/share/my_package/package.xml
[0.252s] Invoked command in '/home/sheraz/ros2_ws_sm/build/my_package' returned '0': CMAKE_PREFIX_PATH=${CMAKE_PREFIX_PATH}:/home/sheraz/ros2_ws_sm/install/my_first_pkg:/home/sheraz/install/my_first_pkg:/opt/ros/humble /usr/bin/cmake --install /home/sheraz/ros2_ws_sm/build/my_package
