[0.160s] Invoking command in '/home/sheraz/ros2_ws_sm/build/my_package': CMAKE_PREFIX_PATH=${CMAKE_PREFIX_PATH}:/home/sheraz/install/my_first_pkg:/home/sheraz/ros2_ws_sm/install/my_first_pkg:/opt/ros/humble /usr/bin/cmake /home/sheraz/ros2_ws_sm/my_package -DAMENT_CMAKE_SYMLINK_INSTALL=1 -DCMAKE_INSTALL_PREFIX=/home/sheraz/ros2_ws_sm/install/my_package
[0.208s] -- The C compiler identification is GNU 11.4.0
[0.254s] -- The CXX compiler identification is GNU 11.4.0
[0.260s] -- Detecting C compiler ABI info
[0.398s] -- Detecting C compiler ABI info - done
[0.405s] -- Check for working C compiler: /usr/bin/cc - skipped
[0.405s] -- Detecting C compile features
[0.406s] -- Detecting C compile features - done
[0.407s] -- Detecting CXX compiler ABI info
[0.539s] -- Detecting CXX compiler ABI info - done
[0.544s] -- Check for working CXX compiler: /usr/bin/c++ - skipped
[0.544s] -- Detecting CXX compile features
[0.545s] -- Detecting CXX compile features - done
[0.546s] -- Found ament_cmake: 1.3.13 (/opt/ros/humble/share/ament_cmake/cmake)
[0.668s] -- Found Python3: /usr/bin/python3 (found version "3.10.12") found components: Interpreter 
[0.718s] -- Override CMake install command with custom implementation using symlinks instead of copying resources
[0.742s] -- Found ament_lint_auto: 0.12.15 (/opt/ros/humble/share/ament_lint_auto/cmake)
[0.801s] -- Added test 'lint_cmake' to check CMake code style
[0.802s] -- Added test 'xmllint' to check XML markup files
[0.803s] -- Configuring done
[0.804s] -- Generating done
[0.805s] -- Build files have been written to: /home/sheraz/ros2_ws_sm/build/my_package
[0.808s] Invoked command in '/home/sheraz/ros2_ws_sm/build/my_package' returned '0': CMAKE_PREFIX_PATH=${CMAKE_PREFIX_PATH}:/home/sheraz/install/my_first_pkg:/home/sheraz/ros2_ws_sm/install/my_first_pkg:/opt/ros/humble /usr/bin/cmake /home/sheraz/ros2_ws_sm/my_package -DAMENT_CMAKE_SYMLINK_INSTALL=1 -DCMAKE_INSTALL_PREFIX=/home/sheraz/ros2_ws_sm/install/my_package
[0.811s] Invoking command in '/home/sheraz/ros2_ws_sm/build/my_package': CMAKE_PREFIX_PATH=${CMAKE_PREFIX_PATH}:/home/sheraz/install/my_first_pkg:/home/sheraz/ros2_ws_sm/install/my_first_pkg:/opt/ros/humble /usr/bin/cmake --build /home/sheraz/ros2_ws_sm/build/my_package -- -j12 -l12
[0.844s] Invoked command in '/home/sheraz/ros2_ws_sm/build/my_package' returned '0': CMAKE_PREFIX_PATH=${CMAKE_PREFIX_PATH}:/home/sheraz/install/my_first_pkg:/home/sheraz/ros2_ws_sm/install/my_first_pkg:/opt/ros/humble /usr/bin/cmake --build /home/sheraz/ros2_ws_sm/build/my_package -- -j12 -l12
[0.857s] Invoking command in '/home/sheraz/ros2_ws_sm/build/my_package': CMAKE_PREFIX_PATH=${CMAKE_PREFIX_PATH}:/home/sheraz/install/my_first_pkg:/home/sheraz/ros2_ws_sm/install/my_first_pkg:/opt/ros/humble /usr/bin/cmake --install /home/sheraz/ros2_ws_sm/build/my_package
[0.863s] -- Install configuration: ""
[0.864s] -- Execute custom install script
[0.864s] -- Symlinking: /home/sheraz/ros2_ws_sm/install/my_package/share/ament_index/resource_index/package_run_dependencies/my_package
[0.873s] -- Symlinking: /home/sheraz/ros2_ws_sm/install/my_package/share/ament_index/resource_index/parent_prefix_path/my_package
[0.883s] -- Symlinking: /home/sheraz/ros2_ws_sm/install/my_package/share/my_package/environment/ament_prefix_path.sh
[0.892s] -- Symlinking: /home/sheraz/ros2_ws_sm/install/my_package/share/my_package/environment/ament_prefix_path.dsv
[0.903s] -- Symlinking: /home/sheraz/ros2_ws_sm/install/my_package/share/my_package/environment/path.sh
[0.913s] -- Symlinking: /home/sheraz/ros2_ws_sm/install/my_package/share/my_package/environment/path.dsv
[0.923s] -- Symlinking: /home/sheraz/ros2_ws_sm/install/my_package/share/my_package/local_setup.bash
[0.934s] -- Symlinking: /home/sheraz/ros2_ws_sm/install/my_package/share/my_package/local_setup.sh
[0.945s] -- Symlinking: /home/sheraz/ros2_ws_sm/install/my_package/share/my_package/local_setup.zsh
[0.954s] -- Symlinking: /home/sheraz/ros2_ws_sm/install/my_package/share/my_package/local_setup.dsv
[0.961s] -- Symlinking: /home/sheraz/ros2_ws_sm/install/my_package/share/my_package/package.dsv
[0.967s] -- Symlinking: /home/sheraz/ros2_ws_sm/install/my_package/share/ament_index/resource_index/packages/my_package
[0.974s] -- Symlinking: /home/sheraz/ros2_ws_sm/install/my_package/share/my_package/cmake/my_packageConfig.cmake
[0.984s] -- Symlinking: /home/sheraz/ros2_ws_sm/install/my_package/share/my_package/cmake/my_packageConfig-version.cmake
[0.993s] -- Symlinking: /home/sheraz/ros2_ws_sm/install/my_package/share/my_package/package.xml
[1.000s] Invoked command in '/home/sheraz/ros2_ws_sm/build/my_package' returned '0': CMAKE_PREFIX_PATH=${CMAKE_PREFIX_PATH}:/home/sheraz/install/my_first_pkg:/home/sheraz/ros2_ws_sm/install/my_first_pkg:/opt/ros/humble /usr/bin/cmake --install /home/sheraz/ros2_ws_sm/build/my_package
