[0.658s] Invoking command in '/home/sheraz/ros2_ws_sm/src/my_first_pkg': PYTHONPATH=/home/sheraz/ros2_ws_sm/build/my_first_pkg/prefix_override:/usr/lib/python3/dist-packages/colcon_core/task/python/colcon_distutils_commands:/home/sheraz/ros2_ws_sm/install/my_first_pkg/lib/python3.10/site-packages:${PYTHONPATH} /usr/bin/python3 -W ignore:setup.py install is deprecated -W ignore:easy_install command is deprecated setup.py egg_info --egg-base ../../build/my_first_pkg build --build-base /home/sheraz/ros2_ws_sm/build/my_first_pkg/build install --record /home/sheraz/ros2_ws_sm/build/my_first_pkg/install.log --single-version-externally-managed install_data
[0.841s] running egg_info
[0.842s] writing ../../build/my_first_pkg/my_first_pkg.egg-info/PKG-INFO
[0.842s] writing dependency_links to ../../build/my_first_pkg/my_first_pkg.egg-info/dependency_links.txt
[0.842s] writing entry points to ../../build/my_first_pkg/my_first_pkg.egg-info/entry_points.txt
[0.842s] writing requirements to ../../build/my_first_pkg/my_first_pkg.egg-info/requires.txt
[0.842s] writing top-level names to ../../build/my_first_pkg/my_first_pkg.egg-info/top_level.txt
[0.843s] reading manifest file '../../build/my_first_pkg/my_first_pkg.egg-info/SOURCES.txt'
[0.845s] writing manifest file '../../build/my_first_pkg/my_first_pkg.egg-info/SOURCES.txt'
[0.845s] running build
[0.845s] running build_py
[0.845s] running install
[0.845s] running install_lib
[0.846s] running install_data
[0.846s] running install_egg_info
[0.847s] removing '/home/sheraz/ros2_ws_sm/install/my_first_pkg/lib/python3.10/site-packages/my_first_pkg-0.0.0-py3.10.egg-info' (and everything under it)
[0.848s] Copying ../../build/my_first_pkg/my_first_pkg.egg-info to /home/sheraz/ros2_ws_sm/install/my_first_pkg/lib/python3.10/site-packages/my_first_pkg-0.0.0-py3.10.egg-info
[0.848s] running install_scripts
[0.862s] Installing lidar script to /home/sheraz/ros2_ws_sm/install/my_first_pkg/lib/my_first_pkg
[0.863s] Installing simple_node script to /home/sheraz/ros2_ws_sm/install/my_first_pkg/lib/my_first_pkg
[0.863s] writing list of installed files to '/home/sheraz/ros2_ws_sm/build/my_first_pkg/install.log'
[0.882s] Invoked command in '/home/sheraz/ros2_ws_sm/src/my_first_pkg' returned '0': PYTHONPATH=/home/sheraz/ros2_ws_sm/build/my_first_pkg/prefix_override:/usr/lib/python3/dist-packages/colcon_core/task/python/colcon_distutils_commands:/home/sheraz/ros2_ws_sm/install/my_first_pkg/lib/python3.10/site-packages:${PYTHONPATH} /usr/bin/python3 -W ignore:setup.py install is deprecated -W ignore:easy_install command is deprecated setup.py egg_info --egg-base ../../build/my_first_pkg build --build-base /home/sheraz/ros2_ws_sm/build/my_first_pkg/build install --record /home/sheraz/ros2_ws_sm/build/my_first_pkg/install.log --single-version-externally-managed install_data
