-- Found ament_cmake: 1.3.13 (/opt/ros/humble/share/ament_cmake/cmake)
-- Override CMake install command with custom implementation using symlinks instead of copying resources
-- Found ament_lint_auto: 0.12.15 (/opt/ros/humble/share/ament_lint_auto/cmake)
-- Added test 'lint_cmake' to check CMake code style
-- Added test 'xmllint' to check XML markup files
-- Configuring done
-- Generating done
-- Build files have been written to: /home/sheraz/ros2_ws_sm/build/my_package
-- Install configuration: ""
-- Execute custom install script
-- Up-to-date symlink: /home/sheraz/ros2_ws_sm/install/my_package/share/ament_index/resource_index/package_run_dependencies/my_package
-- Up-to-date symlink: /home/sheraz/ros2_ws_sm/install/my_package/share/ament_index/resource_index/parent_prefix_path/my_package
-- Up-to-date symlink: /home/sheraz/ros2_ws_sm/install/my_package/share/my_package/environment/ament_prefix_path.sh
-- Up-to-date symlink: /home/sheraz/ros2_ws_sm/install/my_package/share/my_package/environment/ament_prefix_path.dsv
-- Up-to-date symlink: /home/sheraz/ros2_ws_sm/install/my_package/share/my_package/environment/path.sh
-- Up-to-date symlink: /home/sheraz/ros2_ws_sm/install/my_package/share/my_package/environment/path.dsv
-- Up-to-date symlink: /home/sheraz/ros2_ws_sm/install/my_package/share/my_package/local_setup.bash
-- Up-to-date symlink: /home/sheraz/ros2_ws_sm/install/my_package/share/my_package/local_setup.sh
-- Up-to-date symlink: /home/sheraz/ros2_ws_sm/install/my_package/share/my_package/local_setup.zsh
-- Up-to-date symlink: /home/sheraz/ros2_ws_sm/install/my_package/share/my_package/local_setup.dsv
-- Symlinking: /home/sheraz/ros2_ws_sm/install/my_package/share/my_package/package.dsv
-- Up-to-date symlink: /home/sheraz/ros2_ws_sm/install/my_package/share/ament_index/resource_index/packages/my_package
-- Up-to-date symlink: /home/sheraz/ros2_ws_sm/install/my_package/share/my_package/cmake/my_packageConfig.cmake
-- Up-to-date symlink: /home/sheraz/ros2_ws_sm/install/my_package/share/my_package/cmake/my_packageConfig-version.cmake
-- Up-to-date symlink: /home/sheraz/ros2_ws_sm/install/my_package/share/my_package/package.xml
