[0.175s] Invoking command in '/home/sheraz/ros2_ws_sm/build/my_package': CMAKE_PREFIX_PATH=${CMAKE_PREFIX_PATH}:/home/sheraz/ros2_ws_sm/install/my_first_pkg:/home/sheraz/install/my_first_pkg:/opt/ros/humble /usr/bin/cmake /home/sheraz/ros2_ws_sm/my_package -DCMAKE_INSTALL_PREFIX=/home/sheraz/ros2_ws_sm/install/my_package
[0.211s] -- Found ament_cmake: 1.3.13 (/opt/ros/humble/share/ament_cmake/cmake)
[0.319s] -- Override CMake install command with custom implementation using symlinks instead of copying resources
[0.332s] -- Found ament_lint_auto: 0.12.15 (/opt/ros/humble/share/ament_lint_auto/cmake)
[0.396s] -- Added test 'lint_cmake' to check CMake code style
[0.397s] -- Added test 'xmllint' to check XML markup files
[0.398s] -- Configuring done
[0.402s] -- Generating done
[0.403s] -- Build files have been written to: /home/sheraz/ros2_ws_sm/build/my_package
[0.406s] Invoked command in '/home/sheraz/ros2_ws_sm/build/my_package' returned '0': CMAKE_PREFIX_PATH=${CMAKE_PREFIX_PATH}:/home/sheraz/ros2_ws_sm/install/my_first_pkg:/home/sheraz/install/my_first_pkg:/opt/ros/humble /usr/bin/cmake /home/sheraz/ros2_ws_sm/my_package -DCMAKE_INSTALL_PREFIX=/home/sheraz/ros2_ws_sm/install/my_package
[0.407s] Invoking command in '/home/sheraz/ros2_ws_sm/build/my_package': CMAKE_PREFIX_PATH=${CMAKE_PREFIX_PATH}:/home/sheraz/ros2_ws_sm/install/my_first_pkg:/home/sheraz/install/my_first_pkg:/opt/ros/humble /usr/bin/cmake --build /home/sheraz/ros2_ws_sm/build/my_package -- -j12 -l12
[0.449s] Invoked command in '/home/sheraz/ros2_ws_sm/build/my_package' returned '0': CMAKE_PREFIX_PATH=${CMAKE_PREFIX_PATH}:/home/sheraz/ros2_ws_sm/install/my_first_pkg:/home/sheraz/install/my_first_pkg:/opt/ros/humble /usr/bin/cmake --build /home/sheraz/ros2_ws_sm/build/my_package -- -j12 -l12
[0.487s] Invoking command in '/home/sheraz/ros2_ws_sm/build/my_package': CMAKE_PREFIX_PATH=${CMAKE_PREFIX_PATH}:/home/sheraz/ros2_ws_sm/install/my_first_pkg:/home/sheraz/install/my_first_pkg:/opt/ros/humble /usr/bin/cmake --install /home/sheraz/ros2_ws_sm/build/my_package
[0.496s] -- Install configuration: ""
[0.496s] -- Execute custom install script
[0.497s] -- Up-to-date symlink: /home/sheraz/ros2_ws_sm/install/my_package/share/ament_index/resource_index/package_run_dependencies/my_package
[0.499s] -- Up-to-date symlink: /home/sheraz/ros2_ws_sm/install/my_package/share/ament_index/resource_index/parent_prefix_path/my_package
[0.500s] -- Up-to-date symlink: /home/sheraz/ros2_ws_sm/install/my_package/share/my_package/environment/ament_prefix_path.sh
[0.500s] -- Up-to-date symlink: /home/sheraz/ros2_ws_sm/install/my_package/share/my_package/environment/ament_prefix_path.dsv
[0.500s] -- Up-to-date symlink: /home/sheraz/ros2_ws_sm/install/my_package/share/my_package/environment/path.sh
[0.500s] -- Up-to-date symlink: /home/sheraz/ros2_ws_sm/install/my_package/share/my_package/environment/path.dsv
[0.501s] -- Up-to-date symlink: /home/sheraz/ros2_ws_sm/install/my_package/share/my_package/local_setup.bash
[0.501s] -- Up-to-date symlink: /home/sheraz/ros2_ws_sm/install/my_package/share/my_package/local_setup.sh
[0.501s] -- Up-to-date symlink: /home/sheraz/ros2_ws_sm/install/my_package/share/my_package/local_setup.zsh
[0.502s] -- Up-to-date symlink: /home/sheraz/ros2_ws_sm/install/my_package/share/my_package/local_setup.dsv
[0.502s] -- Symlinking: /home/sheraz/ros2_ws_sm/install/my_package/share/my_package/package.dsv
[0.511s] -- Up-to-date symlink: /home/sheraz/ros2_ws_sm/install/my_package/share/ament_index/resource_index/packages/my_package
[0.511s] -- Up-to-date symlink: /home/sheraz/ros2_ws_sm/install/my_package/share/my_package/cmake/my_packageConfig.cmake
[0.512s] -- Up-to-date symlink: /home/sheraz/ros2_ws_sm/install/my_package/share/my_package/cmake/my_packageConfig-version.cmake
[0.512s] -- Up-to-date symlink: /home/sheraz/ros2_ws_sm/install/my_package/share/my_package/package.xml
[0.514s] Invoked command in '/home/sheraz/ros2_ws_sm/build/my_package' returned '0': CMAKE_PREFIX_PATH=${CMAKE_PREFIX_PATH}:/home/sheraz/ros2_ws_sm/install/my_first_pkg:/home/sheraz/install/my_first_pkg:/opt/ros/humble /usr/bin/cmake --install /home/sheraz/ros2_ws_sm/build/my_package
