running develop
Removing /home/sheraz/ros2_ws_sm/install/my_first_pkg/lib/python3.10/site-packages/my-first-pkg.egg-link (link to .)
running egg_info
writing ../../build/my_first_pkg/my_first_pkg.egg-info/PKG-INFO
writing dependency_links to ../../build/my_first_pkg/my_first_pkg.egg-info/dependency_links.txt
writing entry points to ../../build/my_first_pkg/my_first_pkg.egg-info/entry_points.txt
writing requirements to ../../build/my_first_pkg/my_first_pkg.egg-info/requires.txt
writing top-level names to ../../build/my_first_pkg/my_first_pkg.egg-info/top_level.txt
reading manifest file '../../build/my_first_pkg/my_first_pkg.egg-info/SOURCES.txt'
writing manifest file '../../build/my_first_pkg/my_first_pkg.egg-info/SOURCES.txt'
running build
running build_py
creating /home/sheraz/ros2_ws_sm/build/my_first_pkg/build
creating /home/sheraz/ros2_ws_sm/build/my_first_pkg/build/lib
creating /home/sheraz/ros2_ws_sm/build/my_first_pkg/build/lib/my_first_pkg
copying my_first_pkg/__init__.py -> /home/sheraz/ros2_ws_sm/build/my_first_pkg/build/lib/my_first_pkg
copying my_first_pkg/simple_node.py -> /home/sheraz/ros2_ws_sm/build/my_first_pkg/build/lib/my_first_pkg
running install
running install_lib
creating /home/sheraz/ros2_ws_sm/install/my_first_pkg/lib/python3.10/site-packages/my_first_pkg
copying /home/sheraz/ros2_ws_sm/build/my_first_pkg/build/lib/my_first_pkg/__init__.py -> /home/sheraz/ros2_ws_sm/install/my_first_pkg/lib/python3.10/site-packages/my_first_pkg
copying /home/sheraz/ros2_ws_sm/build/my_first_pkg/build/lib/my_first_pkg/simple_node.py -> /home/sheraz/ros2_ws_sm/install/my_first_pkg/lib/python3.10/site-packages/my_first_pkg
byte-compiling /home/sheraz/ros2_ws_sm/install/my_first_pkg/lib/python3.10/site-packages/my_first_pkg/__init__.py to __init__.cpython-310.pyc
byte-compiling /home/sheraz/ros2_ws_sm/install/my_first_pkg/lib/python3.10/site-packages/my_first_pkg/simple_node.py to simple_node.cpython-310.pyc
running install_data
copying resource/my_first_pkg -> /home/sheraz/ros2_ws_sm/install/my_first_pkg/share/ament_index/resource_index/packages
copying package.xml -> /home/sheraz/ros2_ws_sm/install/my_first_pkg/share/my_first_pkg
running install_egg_info
Copying ../../build/my_first_pkg/my_first_pkg.egg-info to /home/sheraz/ros2_ws_sm/install/my_first_pkg/lib/python3.10/site-packages/my_first_pkg-0.0.0-py3.10.egg-info
running install_scripts
Installing simple_node script to /home/sheraz/ros2_ws_sm/install/my_first_pkg/lib/my_first_pkg
writing list of installed files to '/home/sheraz/ros2_ws_sm/build/my_first_pkg/install.log'
