[0.411s] Invoking command in '/home/sheraz/ros2_ws_sm/build/my_first_pkg': PYTHONPATH=/home/sheraz/ros2_ws_sm/build/my_first_pkg/prefix_override:/usr/lib/python3/dist-packages/colcon_core/task/python/colcon_distutils_commands:/home/sheraz/ros2_ws_sm/install/my_first_pkg/lib/python3.10/site-packages:${PYTHONPATH} /usr/bin/python3 -W ignore:setup.py install is deprecated -W ignore:easy_install command is deprecated setup.py develop --uninstall --editable --build-directory /home/sheraz/ros2_ws_sm/build/my_first_pkg/build
[0.584s] running develop
[0.683s] Removing /home/sheraz/ros2_ws_sm/install/my_first_pkg/lib/python3.10/site-packages/my-first-pkg.egg-link (link to .)
[0.702s] Invoked command in '/home/sheraz/ros2_ws_sm/build/my_first_pkg' returned '0': PYTHONPATH=/home/sheraz/ros2_ws_sm/build/my_first_pkg/prefix_override:/usr/lib/python3/dist-packages/colcon_core/task/python/colcon_distutils_commands:/home/sheraz/ros2_ws_sm/install/my_first_pkg/lib/python3.10/site-packages:${PYTHONPATH} /usr/bin/python3 -W ignore:setup.py install is deprecated -W ignore:easy_install command is deprecated setup.py develop --uninstall --editable --build-directory /home/sheraz/ros2_ws_sm/build/my_first_pkg/build
[0.703s] Invoking command in '/home/sheraz/ros2_ws_sm/src/my_first_pkg': PYTHONPATH=/home/sheraz/ros2_ws_sm/build/my_first_pkg/prefix_override:/usr/lib/python3/dist-packages/colcon_core/task/python/colcon_distutils_commands:/home/sheraz/ros2_ws_sm/install/my_first_pkg/lib/python3.10/site-packages:${PYTHONPATH} /usr/bin/python3 -W ignore:setup.py install is deprecated -W ignore:easy_install command is deprecated setup.py egg_info --egg-base ../../build/my_first_pkg build --build-base /home/sheraz/ros2_ws_sm/build/my_first_pkg/build install --record /home/sheraz/ros2_ws_sm/build/my_first_pkg/install.log --single-version-externally-managed install_data --force
[0.857s] running egg_info
[0.858s] writing ../../build/my_first_pkg/my_first_pkg.egg-info/PKG-INFO
[0.858s] writing dependency_links to ../../build/my_first_pkg/my_first_pkg.egg-info/dependency_links.txt
[0.858s] writing entry points to ../../build/my_first_pkg/my_first_pkg.egg-info/entry_points.txt
[0.858s] writing requirements to ../../build/my_first_pkg/my_first_pkg.egg-info/requires.txt
[0.858s] writing top-level names to ../../build/my_first_pkg/my_first_pkg.egg-info/top_level.txt
[0.859s] reading manifest file '../../build/my_first_pkg/my_first_pkg.egg-info/SOURCES.txt'
[0.862s] writing manifest file '../../build/my_first_pkg/my_first_pkg.egg-info/SOURCES.txt'
[0.863s] running build
[0.863s] running build_py
[0.863s] creating /home/sheraz/ros2_ws_sm/build/my_first_pkg/build
[0.863s] creating /home/sheraz/ros2_ws_sm/build/my_first_pkg/build/lib
[0.863s] creating /home/sheraz/ros2_ws_sm/build/my_first_pkg/build/lib/my_first_pkg
[0.863s] copying my_first_pkg/__init__.py -> /home/sheraz/ros2_ws_sm/build/my_first_pkg/build/lib/my_first_pkg
[0.863s] copying my_first_pkg/simple_node.py -> /home/sheraz/ros2_ws_sm/build/my_first_pkg/build/lib/my_first_pkg
[0.863s] running install
[0.863s] running install_lib
[0.864s] creating /home/sheraz/ros2_ws_sm/install/my_first_pkg/lib/python3.10/site-packages/my_first_pkg
[0.864s] copying /home/sheraz/ros2_ws_sm/build/my_first_pkg/build/lib/my_first_pkg/__init__.py -> /home/sheraz/ros2_ws_sm/install/my_first_pkg/lib/python3.10/site-packages/my_first_pkg
[0.864s] copying /home/sheraz/ros2_ws_sm/build/my_first_pkg/build/lib/my_first_pkg/simple_node.py -> /home/sheraz/ros2_ws_sm/install/my_first_pkg/lib/python3.10/site-packages/my_first_pkg
[0.864s] byte-compiling /home/sheraz/ros2_ws_sm/install/my_first_pkg/lib/python3.10/site-packages/my_first_pkg/__init__.py to __init__.cpython-310.pyc
[0.865s] byte-compiling /home/sheraz/ros2_ws_sm/install/my_first_pkg/lib/python3.10/site-packages/my_first_pkg/simple_node.py to simple_node.cpython-310.pyc
[0.865s] running install_data
[0.865s] copying resource/my_first_pkg -> /home/sheraz/ros2_ws_sm/install/my_first_pkg/share/ament_index/resource_index/packages
[0.865s] copying package.xml -> /home/sheraz/ros2_ws_sm/install/my_first_pkg/share/my_first_pkg
[0.865s] running install_egg_info
[0.867s] Copying ../../build/my_first_pkg/my_first_pkg.egg-info to /home/sheraz/ros2_ws_sm/install/my_first_pkg/lib/python3.10/site-packages/my_first_pkg-0.0.0-py3.10.egg-info
[0.867s] running install_scripts
[0.881s] Installing simple_node script to /home/sheraz/ros2_ws_sm/install/my_first_pkg/lib/my_first_pkg
[0.881s] writing list of installed files to '/home/sheraz/ros2_ws_sm/build/my_first_pkg/install.log'
[0.898s] Invoked command in '/home/sheraz/ros2_ws_sm/src/my_first_pkg' returned '0': PYTHONPATH=/home/sheraz/ros2_ws_sm/build/my_first_pkg/prefix_override:/usr/lib/python3/dist-packages/colcon_core/task/python/colcon_distutils_commands:/home/sheraz/ros2_ws_sm/install/my_first_pkg/lib/python3.10/site-packages:${PYTHONPATH} /usr/bin/python3 -W ignore:setup.py install is deprecated -W ignore:easy_install command is deprecated setup.py egg_info --egg-base ../../build/my_first_pkg build --build-base /home/sheraz/ros2_ws_sm/build/my_first_pkg/build install --record /home/sheraz/ros2_ws_sm/build/my_first_pkg/install.log --single-version-externally-managed install_data --force
